Archive member included to satisfy reference by file (symbol)

c:/intelfpga/18.0/nios2eds/bin/gnu/h-x86_64-mingw32/bin/../lib/gcc/nios2-elf/5.3.0/mno-hw-mul\libgcc.a(lib2-divmod.o)
                              obj/default/hw.o (__udivsi3)
c:/intelfpga/18.0/nios2eds/bin/gnu/h-x86_64-mingw32/bin/../lib/gcc/nios2-elf/5.3.0/mno-hw-mul\libgcc.a(lib2-mul.o)
                              obj/default/hw.o (__mulsi3)
c:/intelfpga/18.0/nios2eds/bin/gnu/h-x86_64-mingw32/bin/../lib/gcc/nios2-elf/5.3.0/../../../../../H-x86_64-mingw32/nios2-elf/lib/mno-hw-mul\libc.a(lib_a-malloc.o)
                              obj/default/hello_world.o (malloc)
c:/intelfpga/18.0/nios2eds/bin/gnu/h-x86_64-mingw32/bin/../lib/gcc/nios2-elf/5.3.0/../../../../../H-x86_64-mingw32/nios2-elf/lib/mno-hw-mul\libc.a(lib_a-mallocr.o)
                              c:/intelfpga/18.0/nios2eds/bin/gnu/h-x86_64-mingw32/bin/../lib/gcc/nios2-elf/5.3.0/../../../../../H-x86_64-mingw32/nios2-elf/lib/mno-hw-mul\libc.a(lib_a-malloc.o) (_malloc_r)
c:/intelfpga/18.0/nios2eds/bin/gnu/h-x86_64-mingw32/bin/../lib/gcc/nios2-elf/5.3.0/../../../../../H-x86_64-mingw32/nios2-elf/lib/mno-hw-mul\libc.a(lib_a-memcpy.o)
                              obj/default/hello_world.o (memcpy)
c:/intelfpga/18.0/nios2eds/bin/gnu/h-x86_64-mingw32/bin/../lib/gcc/nios2-elf/5.3.0/../../../../../H-x86_64-mingw32/nios2-elf/lib/mno-hw-mul\libc.a(lib_a-rand.o)
                              obj/default/hello_world.o (srand)
c:/intelfpga/18.0/nios2eds/bin/gnu/h-x86_64-mingw32/bin/../lib/gcc/nios2-elf/5.3.0/../../../../../H-x86_64-mingw32/nios2-elf/lib/mno-hw-mul\libc.a(lib_a-sbrkr.o)
                              c:/intelfpga/18.0/nios2eds/bin/gnu/h-x86_64-mingw32/bin/../lib/gcc/nios2-elf/5.3.0/../../../../../H-x86_64-mingw32/nios2-elf/lib/mno-hw-mul\libc.a(lib_a-mallocr.o) (_sbrk_r)
c:/intelfpga/18.0/nios2eds/bin/gnu/h-x86_64-mingw32/bin/../lib/gcc/nios2-elf/5.3.0/../../../../../H-x86_64-mingw32/nios2-elf/lib/mno-hw-mul\libc.a(lib_a-time.o)
                              obj/default/hello_world.o (time)
c:/intelfpga/18.0/nios2eds/bin/gnu/h-x86_64-mingw32/bin/../lib/gcc/nios2-elf/5.3.0/../../../../../H-x86_64-mingw32/nios2-elf/lib/mno-hw-mul\libc.a(lib_a-freer.o)
                              c:/intelfpga/18.0/nios2eds/bin/gnu/h-x86_64-mingw32/bin/../lib/gcc/nios2-elf/5.3.0/../../../../../H-x86_64-mingw32/nios2-elf/lib/mno-hw-mul\libc.a(lib_a-malloc.o) (_free_r)
c:/intelfpga/18.0/nios2eds/bin/gnu/h-x86_64-mingw32/bin/../lib/gcc/nios2-elf/5.3.0/../../../../../H-x86_64-mingw32/nios2-elf/lib/mno-hw-mul\libc.a(lib_a-gettimeofdayr.o)
                              c:/intelfpga/18.0/nios2eds/bin/gnu/h-x86_64-mingw32/bin/../lib/gcc/nios2-elf/5.3.0/../../../../../H-x86_64-mingw32/nios2-elf/lib/mno-hw-mul\libc.a(lib_a-time.o) (_gettimeofday_r)
c:/intelfpga/18.0/nios2eds/bin/gnu/h-x86_64-mingw32/bin/../lib/gcc/nios2-elf/5.3.0/../../../../../H-x86_64-mingw32/nios2-elf/lib/mno-hw-mul\libc.a(lib_a-impure.o)
                              c:/intelfpga/18.0/nios2eds/bin/gnu/h-x86_64-mingw32/bin/../lib/gcc/nios2-elf/5.3.0/../../../../../H-x86_64-mingw32/nios2-elf/lib/mno-hw-mul\libc.a(lib_a-malloc.o) (_impure_ptr)
c:/intelfpga/18.0/nios2eds/bin/gnu/h-x86_64-mingw32/bin/../lib/gcc/nios2-elf/5.3.0/../../../../../H-x86_64-mingw32/nios2-elf/lib/mno-hw-mul\libc.a(lib_a-int_errno.o)
                              c:/intelfpga/18.0/nios2eds/bin/gnu/h-x86_64-mingw32/bin/../lib/gcc/nios2-elf/5.3.0/../../../../../H-x86_64-mingw32/nios2-elf/lib/mno-hw-mul\libc.a(lib_a-sbrkr.o) (errno)
c:/intelfpga/18.0/nios2eds/bin/gnu/h-x86_64-mingw32/bin/../lib/gcc/nios2-elf/5.3.0/mno-hw-mul\libgcc.a(_muldi3.o)
                              c:/intelfpga/18.0/nios2eds/bin/gnu/h-x86_64-mingw32/bin/../lib/gcc/nios2-elf/5.3.0/../../../../../H-x86_64-mingw32/nios2-elf/lib/mno-hw-mul\libc.a(lib_a-rand.o) (__muldi3)
../game-sw_bsp/\libhal_bsp.a(alt_gettod.o)
                              c:/intelfpga/18.0/nios2eds/bin/gnu/h-x86_64-mingw32/bin/../lib/gcc/nios2-elf/5.3.0/../../../../../H-x86_64-mingw32/nios2-elf/lib/mno-hw-mul\libc.a(lib_a-gettimeofdayr.o) (gettimeofday)
../game-sw_bsp/\libhal_bsp.a(alt_iic.o)
                              obj/default/hw.o (alt_ic_isr_register)
../game-sw_bsp/\libhal_bsp.a(alt_iic_isr_register.o)
                              ../game-sw_bsp/\libhal_bsp.a(alt_iic.o) (alt_iic_isr_register)
../game-sw_bsp/\libhal_bsp.a(alt_irq_entry.o)
                              ../game-sw_bsp/\libhal_bsp.a(alt_iic_isr_register.o) (alt_irq_entry)
../game-sw_bsp/\libhal_bsp.a(alt_irq_handler.o)
                              ../game-sw_bsp/\libhal_bsp.a(alt_iic_isr_register.o) (alt_irq)
../game-sw_bsp/\libhal_bsp.a(alt_irq_vars.o)
                              ../game-sw_bsp/\libhal_bsp.a(alt_iic.o) (alt_irq_active)
../game-sw_bsp/\libhal_bsp.a(alt_load.o)
                              ../game-sw_bsp//obj/HAL/src/crt0.o (alt_load)
../game-sw_bsp/\libhal_bsp.a(alt_main.o)
[...]
Memory Configuration

Name             Origin             Length             Attributes
reset            0x0000000000020000 0x0000000000000020
onchip_ram       0x0000000000020020 0x0000000000018fe0
*default*        0x0000000000000000 0xffffffffffffffff

Linker script and memory map

LOAD ../game-sw_bsp//obj/HAL/src/crt0.o
LOAD obj/default/hello_world.o
LOAD obj/default/hw.o
LOAD c:/intelfpga/18.0/nios2eds/bin/gnu/h-x86_64-mingw32/bin/../lib/gcc/nios2-elf/5.3.0/../../../../../H-x86_64-mingw32/nios2-elf/lib/mno-hw-mul\libstdc++.a
LOAD c:/intelfpga/18.0/nios2eds/bin/gnu/h-x86_64-mingw32/bin/../lib/gcc/nios2-elf/5.3.0/../../../../../H-x86_64-mingw32/nios2-elf/lib/mno-hw-mul\libm.a
LOAD c:/intelfpga/18.0/nios2eds/bin/gnu/h-x86_64-mingw32/bin/../lib/gcc/nios2-elf/5.3.0/mno-hw-mul\libgcc.a
START GROUP
LOAD c:/intelfpga/18.0/nios2eds/bin/gnu/h-x86_64-mingw32/bin/../lib/gcc/nios2-elf/5.3.0/../../../../../H-x86_64-mingw32/nios2-elf/lib/mno-hw-mul\libc.a
LOAD c:/intelfpga/18.0/nios2eds/bin/gnu/h-x86_64-mingw32/bin/../lib/gcc/nios2-elf/5.3.0/mno-hw-mul\libgcc.a
LOAD ../game-sw_bsp/\libhal_bsp.a
LOAD c:/intelfpga/18.0/nios2eds/bin/gnu/h-x86_64-mingw32/bin/../lib/gcc/nios2-elf/5.3.0/../../../../../H-x86_64-mingw32/nios2-elf/lib/mno-hw-mul\libm.a
END GROUP
LOAD c:/intelfpga/18.0/nios2eds/bin/gnu/h-x86_64-mingw32/bin/../lib/gcc/nios2-elf/5.3.0/mno-hw-mul\libgcc.a
                0x0000000000020000                __alt_mem_onchip_ram = 0x20000

.entry          0x0000000000020000       0x20
 *(.entry)
 .entry         0x0000000000020000       0x20 ../game-sw_bsp//obj/HAL/src/crt0.o
                0x0000000000020000                __reset

.exceptions     0x0000000000020020      0x210
                0x0000000000020020                PROVIDE (__ram_exceptions_start, ABSOLUTE (.))
                0x0000000000020020                . = ALIGN (0x20)
 *(.irq)
 *(.exceptions.entry.label)
 .exceptions.entry.label
                0x0000000000020020        0x0 ../game-sw_bsp/\libhal_bsp.a(alt_irq_entry.o)
                0x0000000000020020                alt_irq_entry
 .exceptions.entry.label
                0x0000000000020020        0x0 ../game-sw_bsp/\libhal_bsp.a(alt_exception_entry.o)
                0x0000000000020020                alt_exception
 *(.exceptions.entry.user)
 *(.exceptions.entry.ecc_fatal)
 *(.exceptions.entry)
 .exceptions.entry
                0x0000000000020020       0x54 ../game-sw_bsp/\libhal_bsp.a(alt_exception_entry.o)
 *(.exceptions.irqtest.user)
 *(.exceptions.irqtest)
 .exceptions.irqtest
                0x0000000000020074       0x10 ../game-sw_bsp/\libhal_bsp.a(alt_irq_entry.o)
 *(.exceptions.irqhandler.user)
 *(.exceptions.irqhandler)
 .exceptions.irqhandler
                0x0000000000020084        0x4 ../game-sw_bsp/\libhal_bsp.a(alt_irq_entry.o)
 *(.exceptions.irqreturn.user)
 *(.exceptions.irqreturn)
 .exceptions.irqreturn
                0x0000000000020088        0x4 ../game-sw_bsp/\libhal_bsp.a(alt_irq_entry.o)
 *(.exceptions.notirq.label)
 .exceptions.notirq.label
                0x000000000002008c        0x0 ../game-sw_bsp/\libhal_bsp.a(alt_irq_entry.o)
 *(.exceptions.notirq.user)
 *(.exceptions.notirq)
 .exceptions.notirq
                0x000000000002008c        0x8 ../game-sw_bsp/\libhal_bsp.a(alt_exception_entry.o)
 *(.exceptions.soft.user)
 *(.exceptions.soft)
 *(.exceptions.unknown.user)
 *(.exceptions.unknown)
 .exceptions.unknown
                0x0000000000020094       0x14 ../game-sw_bsp/\libhal_bsp.a(alt_exception_entry.o)
 *(.exceptions.exit.label)
 .exceptions.exit.label
                0x00000000000200a8        0x0 ../game-sw_bsp/\libhal_bsp.a(alt_irq_entry.o)
 .exceptions.exit.label
                0x00000000000200a8        0x0 ../game-sw_bsp/\libhal_bsp.a(alt_exception_entry.o)
 *(.exceptions.exit.user)
 *(.exceptions.exit)
 .exceptions.exit
                0x00000000000200a8       0x54 ../game-sw_bsp/\libhal_bsp.a(alt_exception_entry.o)
 *(.exceptions)
 .exceptions    0x00000000000200fc       0xd4 ../game-sw_bsp/\libhal_bsp.a(alt_irq_handler.o)
                0x00000000000200fc                alt_irq_handler
 .exceptions    0x00000000000201d0       0x60 ../game-sw_bsp/\libhal_bsp.a(alt_instruction_exception_entry.o)
                0x00000000000201d0                alt_instruction_exception_entry
                0x0000000000020230                PROVIDE (__ram_exceptions_end, ABSOLUTE (.))
                0x0000000000020020                PROVIDE (__flash_exceptions_start, LOADADDR (.exceptions))

.text           0x0000000000020230     0x794c
                [!provide]                        PROVIDE (stext, ABSOLUTE (.))
 *(.interp)
 *(.hash)
 *(.dynsym)
 *(.dynstr)
 *(.gnu.version)
 *(.gnu.version_d)
 *(.gnu.version_r)
 *(.rel.init)
 *(.rela.init)
 *(.rel.text .rel.text.* .rel.gnu.linkonce.t.*)
 *(.rela.text .rela.text.* .rela.gnu.linkonce.t.*)
 *(.rel.fini)
 *(.rela.fini)
 *(.rel.rodata .rel.rodata.* .rel.gnu.linkonce.r.*)
 *(.rela.rodata .rela.rodata.* .rela.gnu.linkonce.r.*)
 *(.rel.data .rel.data.* .rel.gnu.linkonce.d.*)
 *(.rela.data .rela.data.* .rela.gnu.linkonce.d.*)
 *(.rel.tdata .rel.tdata.* .rel.gnu.linkonce.td.*)
 *(.rela.tdata .rela.tdata.* .rela.gnu.linkonce.td.*)
 *(.rel.tbss .rel.tbss.* .rel.gnu.linkonce.tb.*)
 *(.rela.tbss .rela.tbss.* .rela.gnu.linkonce.tb.*)
 *(.rel.ctors)
 *(.rela.ctors)
 *(.rel.dtors)
 *(.rela.dtors)
 *(.rel.got)
 *(.rela.got)
 *(.rel.sdata .rel.sdata.* .rel.gnu.linkonce.s.*)
 *(.rela.sdata .rela.sdata.* .rela.gnu.linkonce.s.*)
 *(.rel.sbss .rel.sbss.* .rel.gnu.linkonce.sb.*)
 *(.rela.sbss .rela.sbss.* .rela.gnu.linkonce.sb.*)
 *(.rel.sdata2 .rel.sdata2.* .rel.gnu.linkonce.s2.*)
 *(.rela.sdata2 .rela.sdata2.* .rela.gnu.linkonce.s2.*)
 *(.rel.sbss2 .rel.sbss2.* .rel.gnu.linkonce.sb2.*)
 *(.rela.sbss2 .rela.sbss2.* .rela.gnu.linkonce.sb2.*)
 *(.rel.bss .rel.bss.* .rel.gnu.linkonce.b.*)
 *(.rela.bss .rela.bss.* .rela.gnu.linkonce.b.*)
 *(.rel.plt)
 *(.rela.plt)
 *(.rel.dyn)
 *(.init)
 *(.plt)
 *(.text .stub .text.* .gnu.linkonce.t.*)
 .text          0x0000000000020230       0x3c ../game-sw_bsp//obj/HAL/src/crt0.o
                0x0000000000020230                _start
 .text          0x000000000002026c     0x1134 obj/default/hello_world.o
                0x000000000002026c                main
                0x0000000000020454                start
                0x00000000000205b4                randomNumInit
                0x00000000000205ec                createAsteroid
                0x0000000000020770                free_array
                0x00000000000207e8                update_matrix
                0x0000000000020940                draw_player
                0x00000000000209c0                updatePlayer
                0x0000000000020ab8                delayMs
                0x0000000000020b24                death
                0x0000000000020e90                gameOver
                0x0000000000020f78                deathAnimation
                0x0000000000021090                deathAnimationBottom
                0x000000000002117c                updateLCD
 .text          0x00000000000213a0      0x800 obj/default/hw.o
                0x00000000000213a0                clearSema
                0x00000000000213e8                getSema
                0x0000000000021434                handleGameTimer
                0x0000000000021470                handleLCDTimer
                0x00000000000214ac                readSwitch
                0x00000000000214d4                readKey
                0x00000000000214fc                setLEDs
                0x0000000000021538                setSevenSeg
                0x00000000000216cc                lcdInit
                0x0000000000021770                lcdSetAddr
                0x0000000000021850                lcdWrite
                0x0000000000021914                lcdClear
                0x00000000000219a0                initTimers
                0x0000000000021a00                startTimer
                0x0000000000021a60                stopTimer
                0x0000000000021ac0                setTimer
                0x0000000000021b6c                millisToClock
 .text          0x0000000000021ba0      0x1b4 c:/intelfpga/18.0/nios2eds/bin/gnu/h-x86_64-mingw32/bin/../lib/gcc/nios2-elf/5.3.0/mno-hw-mul\libgcc.a(lib2-divmod.o)
                0x0000000000021ba0                __divsi3
                0x0000000000021c24                __modsi3
                0x0000000000021c98                __udivsi3
                0x0000000000021cfc                __umodsi3
 .text          0x0000000000021d54       0x28 c:/intelfpga/18.0/nios2eds/bin/gnu/h-x86_64-mingw32/bin/../lib/gcc/nios2-elf/5.3.0/mno-hw-mul\libgcc.a(lib2-mul.o)
                0x0000000000021d54                __mulsi3
 .text          0x0000000000021d7c        0x0 c:/intelfpga/18.0/nios2eds/bin/gnu/h-x86_64-mingw32/bin/../lib/gcc/nios2-elf/5.3.0/../../../../../H-x86_64-mingw32/nios2-elf/lib/mno-hw-mul\libc.a(lib_a-malloc.o)
 .text.malloc   0x0000000000021d7c       0x14 c:/intelfpga/18.0/nios2eds/bin/gnu/h-x86_64-mingw32/bin/../lib/gcc/nios2-elf/5.3.0/../../../../../H-x86_64-mingw32/nios2-elf/lib/mno-hw-mul\libc.a(lib_a-malloc.o)
                0x0000000000021d7c                malloc
 .text.free     0x0000000000021d90       0x14 c:/intelfpga/18.0/nios2eds/bin/gnu/h-x86_64-mingw32/bin/../lib/gcc/nios2-elf/5.3.0/../../../../../H-x86_64-mingw32/nios2-elf/lib/mno-hw-mul\libc.a(lib_a-malloc.o)
                0x0000000000021d90                free
 .text          0x0000000000021da4        0x0 c:/intelfpga/18.0/nios2eds/bin/gnu/h-x86_64-mingw32/bin/../lib/gcc/nios2-elf/5.3.0/../../../../../H-x86_64-mingw32/nios2-elf/lib/mno-hw-mul\libc.a(lib_a-mallocr.o)
 .text._malloc_r
                0x0000000000021da4      0x80c c:/intelfpga/18.0/nios2eds/bin/gnu/h-x86_64-mingw32/bin/../lib/gcc/nios2-elf/5.3.0/../../../../../H-x86_64-mingw32/nios2-elf/lib/mno-hw-mul\libc.a(lib_a-mallocr.o)
                0x0000000000021da4                _malloc_r
 .text          0x00000000000225b0        0x0 c:/intelfpga/18.0/nios2eds/bin/gnu/h-x86_64-mingw32/bin/../lib/gcc/nios2-elf/5.3.0/../../../../../H-x86_64-mingw32/nios2-elf/lib/mno-hw-mul\libc.a(lib_a-memcpy.o)
 .text.memcpy   0x00000000000225b0      0x148 c:/intelfpga/18.0/nios2eds/bin/gnu/h-x86_64-mingw32/bin/../lib/gcc/nios2-elf/5.3.0/../../../../../H-x86_64-mingw32/nios2-elf/lib/mno-hw-mul\libc.a(lib_a-memcpy.o)
                0x00000000000225b0                memcpy
 .text          0x00000000000226f8        0x0 c:/intelfpga/18.0/nios2eds/bin/gnu/h-x86_64-mingw32/bin/../lib/gcc/nios2-elf/5.3.0/../../../../../H-x86_64-mingw32/nios2-elf/lib/mno-hw-mul\libc.a(lib_a-rand.o)
 .text.srand    0x00000000000226f8       0x18 c:/intelfpga/18.0/nios2eds/bin/gnu/h-x86_64-mingw32/bin/../lib/gcc/nios2-elf/5.3.0/../../../../../H-x86_64-mingw32/nios2-elf/lib/mno-hw-mul\libc.a(lib_a-rand.o)
                0x00000000000226f8                srand
 .text.rand     0x0000000000022710       0x64 c:/intelfpga/18.0/nios2eds/bin/gnu/h-x86_64-mingw32/bin/../lib/gcc/nios2-elf/5.3.0/../../../../../H-x86_64-mingw32/nios2-elf/lib/mno-hw-mul\libc.a(lib_a-rand.o)
                0x0000000000022710                rand
 .text          0x0000000000022774        0x0 c:/intelfpga/18.0/nios2eds/bin/gnu/h-x86_64-mingw32/bin/../lib/gcc/nios2-elf/5.3.0/../../../../../H-x86_64-mingw32/nios2-elf/lib/mno-hw-mul\libc.a(lib_a-sbrkr.o)
 .text._sbrk_r  0x0000000000022774       0x54 c:/intelfpga/18.0/nios2eds/bin/gnu/h-x86_64-mingw32/bin/../lib/gcc/nios2-elf/5.3.0/../../../../../H-x86_64-mingw32/nios2-elf/lib/mno-hw-mul\libc.a(lib_a-sbrkr.o)
                0x0000000000022774                _sbrk_r
 .text          0x00000000000227c8        0x0 c:/intelfpga/18.0/nios2eds/bin/gnu/h-x86_64-mingw32/bin/../lib/gcc/nios2-elf/5.3.0/../../../../../H-x86_64-mingw32/nios2-elf/lib/mno-hw-mul\libc.a(lib_a-time.o)
 .text.time     0x00000000000227c8       0x50 c:/intelfpga/18.0/nios2eds/bin/gnu/h-x86_64-mingw32/bin/../lib/gcc/nios2-elf/5.3.0/../../../../../H-x86_64-mingw32/nios2-elf/lib/mno-hw-mul\libc.a(lib_a-time.o)
                0x00000000000227c8                time
 .text          0x0000000000022818        0x0 c:/intelfpga/18.0/nios2eds/bin/gnu/h-x86_64-mingw32/bin/../lib/gcc/nios2-elf/5.3.0/../../../../../H-x86_64-mingw32/nios2-elf/lib/mno-hw-mul\libc.a(lib_a-freer.o)
 .text._malloc_trim_r
                0x0000000000022818      0x124 c:/intelfpga/18.0/nios2eds/bin/gnu/h-x86_64-mingw32/bin/../lib/gcc/nios2-elf/5.3.0/../../../../../H-x86_64-mingw32/nios2-elf/lib/mno-hw-mul\libc.a(lib_a-freer.o)
                0x0000000000022818                _malloc_trim_r
 .text._free_r  0x000000000002293c      0x310 c:/intelfpga/18.0/nios2eds/bin/gnu/h-x86_64-mingw32/bin/../lib/gcc/nios2-elf/5.3.0/../../../../../H-x86_64-mingw32/nios2-elf/lib/mno-hw-mul\libc.a(lib_a-freer.o)
                0x000000000002293c                _free_r
 .text          0x0000000000022c4c        0x0 c:/intelfpga/18.0/nios2eds/bin/gnu/h-x86_64-mingw32/bin/../lib/gcc/nios2-elf/5.3.0/../../../../../H-x86_64-mingw32/nios2-elf/lib/mno-hw-mul\libc.a(lib_a-gettimeofdayr.o)
 .text._gettimeofday_r
                0x0000000000022c4c       0x5c c:/intelfpga/18.0/nios2eds/bin/gnu/h-x86_64-mingw32/bin/../lib/gcc/nios2-elf/5.3.0/../../../../../H-x86_64-mingw32/nios2-elf/lib/mno-hw-mul\libc.a(lib_a-gettimeofdayr.o)
                0x0000000000022c4c                _gettimeofday_r
 .text          0x0000000000022ca8        0x0 c:/intelfpga/18.0/nios2eds/bin/gnu/h-x86_64-mingw32/bin/../lib/gcc/nios2-elf/5.3.0/../../../../../H-x86_64-mingw32/nios2-elf/lib/mno-hw-mul\libc.a(lib_a-impure.o)
 .text          0x0000000000022ca8        0x0 c:/intelfpga/18.0/nios2eds/bin/gnu/h-x86_64-mingw32/bin/../lib/gcc/nios2-elf/5.3.0/../../../../../H-x86_64-mingw32/nios2-elf/lib/mno-hw-mul\libc.a(lib_a-int_errno.o)
 .text          0x0000000000022ca8      0x10c c:/intelfpga/18.0/nios2eds/bin/gnu/h-x86_64-mingw32/bin/../lib/gcc/nios2-elf/5.3.0/mno-hw-mul\libgcc.a(_muldi3.o)
                0x0000000000022ca8                __muldi3
 .text          0x0000000000022db4      0x1f4 ../game-sw_bsp/\libhal_bsp.a(alt_gettod.o)
                0x0000000000022db4                gettimeofday
 .text          0x0000000000022fa8      0x1b0 ../game-sw_bsp/\libhal_bsp.a(alt_iic.o)
                0x0000000000022fa8                alt_ic_isr_register
                0x0000000000022ff8                alt_ic_irq_enable
                0x0000000000023080                alt_ic_irq_disable
                0x000000000002310c                alt_ic_irq_enabled
 .text          0x0000000000023158       0xf0 ../game-sw_bsp/\libhal_bsp.a(alt_iic_isr_register.o)
                0x0000000000023158                alt_iic_isr_register
 .text          0x0000000000023248        0x0 ../game-sw_bsp/\libhal_bsp.a(alt_irq_entry.o)
 .text          0x0000000000023248        0x0 ../game-sw_bsp/\libhal_bsp.a(alt_irq_handler.o)
 .text          0x0000000000023248        0x0 ../game-sw_bsp/\libhal_bsp.a(alt_irq_vars.o)
 .text          0x0000000000023248       0xec ../game-sw_bsp/\libhal_bsp.a(alt_load.o)
                0x00000000000232b0                alt_load
 .text          0x0000000000023334       0x7c ../game-sw_bsp/\libhal_bsp.a(alt_main.o)
                0x0000000000023334                alt_main
 .text          0x00000000000233b0       0x48 ../game-sw_bsp/\libhal_bsp.a(alt_malloc_lock.o)
                0x00000000000233b0                __malloc_lock
                0x00000000000233d4                __malloc_unlock
 .text          0x00000000000233f8       0x3c ../game-sw_bsp/\libhal_bsp.a(alt_putstr.o)
                0x00000000000233f8                alt_putstr
 .text          0x0000000000023434       0xb0 ../game-sw_bsp/\libhal_bsp.a(alt_sbrk.o)
                0x0000000000023434                sbrk
 .text          0x00000000000234e4      0x1a4 ../game-sw_bsp/\libhal_bsp.a(alt_tick.o)
                0x00000000000234e4                alt_alarm_stop
                0x0000000000023580                alt_tick
 .text          0x0000000000023688       0xcc ../game-sw_bsp/\libhal_bsp.a(alt_sys_init.o)
                0x00000000000236bc                alt_irq_init
                0x00000000000236f4                alt_sys_init
 .text          0x0000000000023754      0x164 ../game-sw_bsp/\libhal_bsp.a(altera_avalon_jtag_uart_fd.o)
                0x0000000000023754                altera_avalon_jtag_uart_read_fd
                0x00000000000237b4                altera_avalon_jtag_uart_write_fd
                0x0000000000023814                altera_avalon_jtag_uart_close_fd
                0x0000000000023864                altera_avalon_jtag_uart_ioctl_fd
 .text          0x00000000000238b8      0x3d4 ../game-sw_bsp/\libhal_bsp.a(altera_avalon_jtag_uart_init.o)
                0x00000000000238b8                altera_avalon_jtag_uart_init
                0x0000000000023c24                altera_avalon_jtag_uart_close
 .text          0x0000000000023c8c       0xf0 ../game-sw_bsp/\libhal_bsp.a(altera_avalon_jtag_uart_ioctl.o)
                0x0000000000023c8c                altera_avalon_jtag_uart_ioctl
 .text          0x0000000000023d7c      0x21c ../game-sw_bsp/\libhal_bsp.a(altera_avalon_jtag_uart_read.o)
                0x0000000000023d7c                altera_avalon_jtag_uart_read
 .text          0x0000000000023f98      0x224 ../game-sw_bsp/\libhal_bsp.a(altera_avalon_jtag_uart_write.o)
                0x0000000000023f98                altera_avalon_jtag_uart_write
 .text          0x00000000000241bc       0xf4 ../game-sw_bsp/\libhal_bsp.a(altera_avalon_timer_sc.o)
                0x0000000000024234                alt_avalon_timer_sc_init
 .text          0x00000000000242b0      0x12c ../game-sw_bsp/\libhal_bsp.a(alt_alarm_start.o)
                0x00000000000242b0                alt_alarm_start
 .text          0x00000000000243dc      0x114 ../game-sw_bsp/\libhal_bsp.a(alt_close.o)
                0x0000000000024418                close
 .text          0x00000000000244f0       0x20 ../game-sw_bsp/\libhal_bsp.a(alt_dcache_flush_all.o)
                0x00000000000244f0                alt_dcache_flush_all
 .text          0x0000000000024510       0x2c ../game-sw_bsp/\libhal_bsp.a(alt_dev.o)
 .text          0x000000000002453c       0xe0 ../game-sw_bsp/\libhal_bsp.a(alt_dev_llist_insert.o)
                0x0000000000024578                alt_dev_llist_insert
 .text          0x000000000002461c       0x60 ../game-sw_bsp/\libhal_bsp.a(alt_do_ctors.o)
                0x000000000002461c                _do_ctors
 .text          0x000000000002467c       0x60 ../game-sw_bsp/\libhal_bsp.a(alt_do_dtors.o)
                0x000000000002467c                _do_dtors
 .text          0x00000000000246dc        0x0 ../game-sw_bsp/\libhal_bsp.a(alt_errno.o)
 .text          0x00000000000246dc        0x0 ../game-sw_bsp/\libhal_bsp.a(alt_exception_entry.o)
 .text          0x00000000000246dc       0x20 ../game-sw_bsp/\libhal_bsp.a(alt_icache_flush_all.o)
                0x00000000000246dc                alt_icache_flush_all
 .text          0x00000000000246fc       0x9c ../game-sw_bsp/\libhal_bsp.a(alt_instruction_exception_entry.o)
                0x00000000000246fc                alt_exception_cause_generated_bad_addr
 .text          0x0000000000024798      0x160 ../game-sw_bsp/\libhal_bsp.a(alt_io_redirect.o)
                0x000000000002487c                alt_io_redirect
 .text          0x00000000000248f8      0x284 ../game-sw_bsp/\libhal_bsp.a(alt_open.o)
                0x0000000000024a20                open
 .text          0x0000000000024b7c       0x84 ../game-sw_bsp/\libhal_bsp.a(alt_release_fd.o)
                0x0000000000024b7c                alt_release_fd
 .text          0x0000000000024c00       0x24 ../game-sw_bsp/\libhal_bsp.a(altera_nios2_gen2_irq.o)
                0x0000000000024c00                altera_nios2_gen2_irq_init
 .text          0x0000000000024c24       0x90 ../game-sw_bsp/\libhal_bsp.a(alt_find_dev.o)
                0x0000000000024c24                alt_find_dev
 .text          0x0000000000024cb4      0x108 ../game-sw_bsp/\libhal_bsp.a(alt_find_file.o)
                0x0000000000024cb4                alt_find_file
 .text          0x0000000000024dbc       0xc4 ../game-sw_bsp/\libhal_bsp.a(alt_get_fd.o)
                0x0000000000024dbc                alt_get_fd
 .text          0x0000000000024e80        0x0 c:/intelfpga/18.0/nios2eds/bin/gnu/h-x86_64-mingw32/bin/../lib/gcc/nios2-elf/5.3.0/../../../../../H-x86_64-mingw32/nios2-elf/lib/mno-hw-mul\libc.a(lib_a-atexit.o)
 .text.atexit   0x0000000000024e80       0x14 c:/intelfpga/18.0/nios2eds/bin/gnu/h-x86_64-mingw32/bin/../lib/gcc/nios2-elf/5.3.0/../../../../../H-x86_64-mingw32/nios2-elf/lib/mno-hw-mul\libc.a(lib_a-atexit.o)
                0x0000000000024e80                atexit
 .text          0x0000000000024e94        0x0 c:/intelfpga/18.0/nios2eds/bin/gnu/h-x86_64-mingw32/bin/../lib/gcc/nios2-elf/5.3.0/../../../../../H-x86_64-mingw32/nios2-elf/lib/mno-hw-mul\libc.a(lib_a-exit.o)
 .text.exit     0x0000000000024e94       0x38 c:/intelfpga/18.0/nios2eds/bin/gnu/h-x86_64-mingw32/bin/../lib/gcc/nios2-elf/5.3.0/../../../../../H-x86_64-mingw32/nios2-elf/lib/mno-hw-mul\libc.a(lib_a-exit.o)
                0x0000000000024e94                exit
 .text          0x0000000000024ecc        0x0 c:/intelfpga/18.0/nios2eds/bin/gnu/h-x86_64-mingw32/bin/../lib/gcc/nios2-elf/5.3.0/../../../../../H-x86_64-mingw32/nios2-elf/lib/mno-hw-mul\libc.a(lib_a-fputs.o)
 .text._fputs_r
                0x0000000000024ecc       0x9c c:/intelfpga/18.0/nios2eds/bin/gnu/h-x86_64-mingw32/bin/../lib/gcc/nios2-elf/5.3.0/../../../../../H-x86_64-mingw32/nios2-elf/lib/mno-hw-mul\libc.a(lib_a-fputs.o)
                0x0000000000024ecc                _fputs_r
 .text.fputs    0x0000000000024f68       0x18 c:/intelfpga/18.0/nios2eds/bin/gnu/h-x86_64-mingw32/bin/../lib/gcc/nios2-elf/5.3.0/../../../../../H-x86_64-mingw32/nios2-elf/lib/mno-hw-mul\libc.a(lib_a-fputs.o)
                0x0000000000024f68                fputs
 .text          0x0000000000024f80        0x0 c:/intelfpga/18.0/nios2eds/bin/gnu/h-x86_64-mingw32/bin/../lib/gcc/nios2-elf/5.3.0/../../../../../H-x86_64-mingw32/nios2-elf/lib/mno-hw-mul\libc.a(lib_a-fvwrite.o)
 .text.__sfvwrite_r
                0x0000000000024f80      0x4c8 c:/intelfpga/18.0/nios2eds/bin/gnu/h-x86_64-mingw32/bin/../lib/gcc/nios2-elf/5.3.0/../../../../../H-x86_64-mingw32/nios2-elf/lib/mno-hw-mul\libc.a(lib_a-fvwrite.o)
                0x0000000000024f80                __sfvwrite_r
 .text          0x0000000000025448        0x0 c:/intelfpga/18.0/nios2eds/bin/gnu/h-x86_64-mingw32/bin/../lib/gcc/nios2-elf/5.3.0/../../../../../H-x86_64-mingw32/nios2-elf/lib/mno-hw-mul\libc.a(lib_a-memchr.o)
 .text.memchr   0x0000000000025448       0xe4 c:/intelfpga/18.0/nios2eds/bin/gnu/h-x86_64-mingw32/bin/../lib/gcc/nios2-elf/5.3.0/../../../../../H-x86_64-mingw32/nios2-elf/lib/mno-hw-mul\libc.a(lib_a-memchr.o)
                0x0000000000025448                memchr
 .text          0x000000000002552c        0x0 c:/intelfpga/18.0/nios2eds/bin/gnu/h-x86_64-mingw32/bin/../lib/gcc/nios2-elf/5.3.0/../../../../../H-x86_64-mingw32/nios2-elf/lib/mno-hw-mul\libc.a(lib_a-memcmp.o)
 .text.memcmp   0x000000000002552c       0x7c c:/intelfpga/18.0/nios2eds/bin/gnu/h-x86_64-mingw32/bin/../lib/gcc/nios2-elf/5.3.0/../../../../../H-x86_64-mingw32/nios2-elf/lib/mno-hw-mul\libc.a(lib_a-memcmp.o)
                0x000000000002552c                memcmp
 .text          0x00000000000255a8        0x0 c:/intelfpga/18.0/nios2eds/bin/gnu/h-x86_64-mingw32/bin/../lib/gcc/nios2-elf/5.3.0/../../../../../H-x86_64-mingw32/nios2-elf/lib/mno-hw-mul\libc.a(lib_a-memmove.o)
 .text.memmove  0x00000000000255a8      0x15c c:/intelfpga/18.0/nios2eds/bin/gnu/h-x86_64-mingw32/bin/../lib/gcc/nios2-elf/5.3.0/../../../../../H-x86_64-mingw32/nios2-elf/lib/mno-hw-mul\libc.a(lib_a-memmove.o)
                0x00000000000255a8                memmove
 .text          0x0000000000025704        0x0 c:/intelfpga/18.0/nios2eds/bin/gnu/h-x86_64-mingw32/bin/../lib/gcc/nios2-elf/5.3.0/../../../../../H-x86_64-mingw32/nios2-elf/lib/mno-hw-mul\libc.a(lib_a-reallocr.o)
 .text._realloc_r
                0x0000000000025704      0x564 c:/intelfpga/18.0/nios2eds/bin/gnu/h-x86_64-mingw32/bin/../lib/gcc/nios2-elf/5.3.0/../../../../../H-x86_64-mingw32/nios2-elf/lib/mno-hw-mul\libc.a(lib_a-reallocr.o)
                0x0000000000025704                _realloc_r
 .text          0x0000000000025c68        0x0 c:/intelfpga/18.0/nios2eds/bin/gnu/h-x86_64-mingw32/bin/../lib/gcc/nios2-elf/5.3.0/../../../../../H-x86_64-mingw32/nios2-elf/lib/mno-hw-mul\libc.a(lib_a-strlen.o)
 .text.strlen   0x0000000000025c68       0x98 c:/intelfpga/18.0/nios2eds/bin/gnu/h-x86_64-mingw32/bin/../lib/gcc/nios2-elf/5.3.0/../../../../../H-x86_64-mingw32/nios2-elf/lib/mno-hw-mul\libc.a(lib_a-strlen.o)
                0x0000000000025c68                strlen
 .text          0x0000000000025d00        0x0 c:/intelfpga/18.0/nios2eds/bin/gnu/h-x86_64-mingw32/bin/../lib/gcc/nios2-elf/5.3.0/../../../../../H-x86_64-mingw32/nios2-elf/lib/mno-hw-mul\libc.a(lib_a-wsetup.o)
 .text.__swsetup_r
                0x0000000000025d00      0x154 c:/intelfpga/18.0/nios2eds/bin/gnu/h-x86_64-mingw32/bin/../lib/gcc/nios2-elf/5.3.0/../../../../../H-x86_64-mingw32/nios2-elf/lib/mno-hw-mul\libc.a(lib_a-wsetup.o)
                0x0000000000025d00                __swsetup_r
 .text          0x0000000000025e54        0x0 c:/intelfpga/18.0/nios2eds/bin/gnu/h-x86_64-mingw32/bin/../lib/gcc/nios2-elf/5.3.0/../../../../../H-x86_64-mingw32/nios2-elf/lib/mno-hw-mul\libc.a(lib_a-__atexit.o)
 .text.__register_exitproc
                0x0000000000025e54      0x118 c:/intelfpga/18.0/nios2eds/bin/gnu/h-x86_64-mingw32/bin/../lib/gcc/nios2-elf/5.3.0/../../../../../H-x86_64-mingw32/nios2-elf/lib/mno-hw-mul\libc.a(lib_a-__atexit.o)
                0x0000000000025e54                __register_exitproc
 .text          0x0000000000025f6c        0x0 c:/intelfpga/18.0/nios2eds/bin/gnu/h-x86_64-mingw32/bin/../lib/gcc/nios2-elf/5.3.0/../../../../../H-x86_64-mingw32/nios2-elf/lib/mno-hw-mul\libc.a(lib_a-__call_atexit.o)
 .text.__call_exitprocs
                0x0000000000025f6c      0x180 c:/intelfpga/18.0/nios2eds/bin/gnu/h-x86_64-mingw32/bin/../lib/gcc/nios2-elf/5.3.0/../../../../../H-x86_64-mingw32/nios2-elf/lib/mno-hw-mul\libc.a(lib_a-__call_atexit.o)
                0x0000000000025f6c                __call_exitprocs
 .text          0x00000000000260ec        0x0 c:/intelfpga/18.0/nios2eds/bin/gnu/h-x86_64-mingw32/bin/../lib/gcc/nios2-elf/5.3.0/../../../../../H-x86_64-mingw32/nios2-elf/lib/mno-hw-mul\libc.a(lib_a-fflush.o)
 .text.__sflush_r
                0x00000000000260ec      0x21c c:/intelfpga/18.0/nios2eds/bin/gnu/h-x86_64-mingw32/bin/../lib/gcc/nios2-elf/5.3.0/../../../../../H-x86_64-mingw32/nios2-elf/lib/mno-hw-mul\libc.a(lib_a-fflush.o)
                0x00000000000260ec                __sflush_r
 .text._fflush_r
                0x0000000000026308       0x5c c:/intelfpga/18.0/nios2eds/bin/gnu/h-x86_64-mingw32/bin/../lib/gcc/nios2-elf/5.3.0/../../../../../H-x86_64-mingw32/nios2-elf/lib/mno-hw-mul\libc.a(lib_a-fflush.o)
                0x0000000000026308                _fflush_r
 .text.fflush   0x0000000000026364       0x30 c:/intelfpga/18.0/nios2eds/bin/gnu/h-x86_64-mingw32/bin/../lib/gcc/nios2-elf/5.3.0/../../../../../H-x86_64-mingw32/nios2-elf/lib/mno-hw-mul\libc.a(lib_a-fflush.o)
                0x0000000000026364                fflush
 .text          0x0000000000026394        0x0 c:/intelfpga/18.0/nios2eds/bin/gnu/h-x86_64-mingw32/bin/../lib/gcc/nios2-elf/5.3.0/../../../../../H-x86_64-mingw32/nios2-elf/lib/mno-hw-mul\libc.a(lib_a-findfp.o)
 .text.__fp_unlock
                0x0000000000026394        0x8 c:/intelfpga/18.0/nios2eds/bin/gnu/h-x86_64-mingw32/bin/../lib/gcc/nios2-elf/5.3.0/../../../../../H-x86_64-mingw32/nios2-elf/lib/mno-hw-mul\libc.a(lib_a-findfp.o)
 .text._cleanup_r
                0x000000000002639c        0xc c:/intelfpga/18.0/nios2eds/bin/gnu/h-x86_64-mingw32/bin/../lib/gcc/nios2-elf/5.3.0/../../../../../H-x86_64-mingw32/nios2-elf/lib/mno-hw-mul\libc.a(lib_a-findfp.o)
                0x000000000002639c                _cleanup_r
 .text.__sinit.part.1
                0x00000000000263a8      0x19c c:/intelfpga/18.0/nios2eds/bin/gnu/h-x86_64-mingw32/bin/../lib/gcc/nios2-elf/5.3.0/../../../../../H-x86_64-mingw32/nios2-elf/lib/mno-hw-mul\libc.a(lib_a-findfp.o)
 .text.__fp_lock
                0x0000000000026544        0x8 c:/intelfpga/18.0/nios2eds/bin/gnu/h-x86_64-mingw32/bin/../lib/gcc/nios2-elf/5.3.0/../../../../../H-x86_64-mingw32/nios2-elf/lib/mno-hw-mul\libc.a(lib_a-findfp.o)
 .text.__sfmoreglue
                0x000000000002654c       0x78 c:/intelfpga/18.0/nios2eds/bin/gnu/h-x86_64-mingw32/bin/../lib/gcc/nios2-elf/5.3.0/../../../../../H-x86_64-mingw32/nios2-elf/lib/mno-hw-mul\libc.a(lib_a-findfp.o)
                0x000000000002654c                __sfmoreglue
 .text.__sfp    0x00000000000265c4      0x118 c:/intelfpga/18.0/nios2eds/bin/gnu/h-x86_64-mingw32/bin/../lib/gcc/nios2-elf/5.3.0/../../../../../H-x86_64-mingw32/nios2-elf/lib/mno-hw-mul\libc.a(lib_a-findfp.o)
                0x00000000000265c4                __sfp
 .text._cleanup
                0x00000000000266dc       0x18 c:/intelfpga/18.0/nios2eds/bin/gnu/h-x86_64-mingw32/bin/../lib/gcc/nios2-elf/5.3.0/../../../../../H-x86_64-mingw32/nios2-elf/lib/mno-hw-mul\libc.a(lib_a-findfp.o)
                0x00000000000266dc                _cleanup
 .text.__sinit  0x00000000000266f4       0x10 c:/intelfpga/18.0/nios2eds/bin/gnu/h-x86_64-mingw32/bin/../lib/gcc/nios2-elf/5.3.0/../../../../../H-x86_64-mingw32/nios2-elf/lib/mno-hw-mul\libc.a(lib_a-findfp.o)
                0x00000000000266f4                __sinit
 .text.__sfp_lock_acquire
                0x0000000000026704        0x4 c:/intelfpga/18.0/nios2eds/bin/gnu/h-x86_64-mingw32/bin/../lib/gcc/nios2-elf/5.3.0/../../../../../H-x86_64-mingw32/nios2-elf/lib/mno-hw-mul\libc.a(lib_a-findfp.o)
                0x0000000000026704                __sfp_lock_acquire
 .text.__sfp_lock_release
                0x0000000000026708        0x4 c:/intelfpga/18.0/nios2eds/bin/gnu/h-x86_64-mingw32/bin/../lib/gcc/nios2-elf/5.3.0/../../../../../H-x86_64-mingw32/nios2-elf/lib/mno-hw-mul\libc.a(lib_a-findfp.o)
                0x0000000000026708                __sfp_lock_release
 .text.__sinit_lock_acquire
                0x000000000002670c        0x4 c:/intelfpga/18.0/nios2eds/bin/gnu/h-x86_64-mingw32/bin/../lib/gcc/nios2-elf/5.3.0/../../../../../H-x86_64-mingw32/nios2-elf/lib/mno-hw-mul\libc.a(lib_a-findfp.o)
                0x000000000002670c                __sinit_lock_acquire
 .text.__sinit_lock_release
                0x0000000000026710        0x4 c:/intelfpga/18.0/nios2eds/bin/gnu/h-x86_64-mingw32/bin/../lib/gcc/nios2-elf/5.3.0/../../../../../H-x86_64-mingw32/nios2-elf/lib/mno-hw-mul\libc.a(lib_a-findfp.o)
                0x0000000000026710                __sinit_lock_release
 .text.__fp_lock_all
                0x0000000000026714       0x18 c:/intelfpga/18.0/nios2eds/bin/gnu/h-x86_64-mingw32/bin/../lib/gcc/nios2-elf/5.3.0/../../../../../H-x86_64-mingw32/nios2-elf/lib/mno-hw-mul\libc.a(lib_a-findfp.o)
                0x0000000000026714                __fp_lock_all
 .text.__fp_unlock_all
                0x000000000002672c       0x18 c:/intelfpga/18.0/nios2eds/bin/gnu/h-x86_64-mingw32/bin/../lib/gcc/nios2-elf/5.3.0/../../../../../H-x86_64-mingw32/nios2-elf/lib/mno-hw-mul\libc.a(lib_a-findfp.o)
                0x000000000002672c                __fp_unlock_all
 .text          0x0000000000026744        0x0 c:/intelfpga/18.0/nios2eds/bin/gnu/h-x86_64-mingw32/bin/../lib/gcc/nios2-elf/5.3.0/../../../../../H-x86_64-mingw32/nios2-elf/lib/mno-hw-mul\libc.a(lib_a-fwalk.o)
 .text._fwalk   0x0000000000026744       0xc4 c:/intelfpga/18.0/nios2eds/bin/gnu/h-x86_64-mingw32/bin/../lib/gcc/nios2-elf/5.3.0/../../../../../H-x86_64-mingw32/nios2-elf/lib/mno-hw-mul\libc.a(lib_a-fwalk.o)
                0x0000000000026744                _fwalk
 .text._fwalk_reent
                0x0000000000026808       0xc4 c:/intelfpga/18.0/nios2eds/bin/gnu/h-x86_64-mingw32/bin/../lib/gcc/nios2-elf/5.3.0/../../../../../H-x86_64-mingw32/nios2-elf/lib/mno-hw-mul\libc.a(lib_a-fwalk.o)
                0x0000000000026808                _fwalk_reent
 .text          0x00000000000268cc        0x0 c:/intelfpga/18.0/nios2eds/bin/gnu/h-x86_64-mingw32/bin/../lib/gcc/nios2-elf/5.3.0/../../../../../H-x86_64-mingw32/nios2-elf/lib/mno-hw-mul\libc.a(lib_a-makebuf.o)
 .text.__smakebuf_r
                0x00000000000268cc      0x1bc c:/intelfpga/18.0/nios2eds/bin/gnu/h-x86_64-mingw32/bin/../lib/gcc/nios2-elf/5.3.0/../../../../../H-x86_64-mingw32/nios2-elf/lib/mno-hw-mul\libc.a(lib_a-makebuf.o)
                0x00000000000268cc                __smakebuf_r
 .text          0x0000000000026a88        0x0 c:/intelfpga/18.0/nios2eds/bin/gnu/h-x86_64-mingw32/bin/../lib/gcc/nios2-elf/5.3.0/../../../../../H-x86_64-mingw32/nios2-elf/lib/mno-hw-mul\libc.a(lib_a-memset.o)
 .text.memset   0x0000000000026a88      0x128 c:/intelfpga/18.0/nios2eds/bin/gnu/h-x86_64-mingw32/bin/../lib/gcc/nios2-elf/5.3.0/../../../../../H-x86_64-mingw32/nios2-elf/lib/mno-hw-mul\libc.a(lib_a-memset.o)
                0x0000000000026a88                memset
 .text          0x0000000000026bb0        0x0 c:/intelfpga/18.0/nios2eds/bin/gnu/h-x86_64-mingw32/bin/../lib/gcc/nios2-elf/5.3.0/../../../../../H-x86_64-mingw32/nios2-elf/lib/mno-hw-mul\libc.a(lib_a-stdio.o)
 .text.__sread  0x0000000000026bb0       0x54 c:/intelfpga/18.0/nios2eds/bin/gnu/h-x86_64-mingw32/bin/../lib/gcc/nios2-elf/5.3.0/../../../../../H-x86_64-mingw32/nios2-elf/lib/mno-hw-mul\libc.a(lib_a-stdio.o)
                0x0000000000026bb0                __sread
 .text.__seofread
                0x0000000000026c04        0x8 c:/intelfpga/18.0/nios2eds/bin/gnu/h-x86_64-mingw32/bin/../lib/gcc/nios2-elf/5.3.0/../../../../../H-x86_64-mingw32/nios2-elf/lib/mno-hw-mul\libc.a(lib_a-stdio.o)
                0x0000000000026c04                __seofread
 .text.__swrite
                0x0000000000026c0c       0x7c c:/intelfpga/18.0/nios2eds/bin/gnu/h-x86_64-mingw32/bin/../lib/gcc/nios2-elf/5.3.0/../../../../../H-x86_64-mingw32/nios2-elf/lib/mno-hw-mul\libc.a(lib_a-stdio.o)
                0x0000000000026c0c                __swrite
 .text.__sseek  0x0000000000026c88       0x5c c:/intelfpga/18.0/nios2eds/bin/gnu/h-x86_64-mingw32/bin/../lib/gcc/nios2-elf/5.3.0/../../../../../H-x86_64-mingw32/nios2-elf/lib/mno-hw-mul\libc.a(lib_a-stdio.o)
                0x0000000000026c88                __sseek
 .text.__sclose
                0x0000000000026ce4        0x8 c:/intelfpga/18.0/nios2eds/bin/gnu/h-x86_64-mingw32/bin/../lib/gcc/nios2-elf/5.3.0/../../../../../H-x86_64-mingw32/nios2-elf/lib/mno-hw-mul\libc.a(lib_a-stdio.o)
                0x0000000000026ce4                __sclose
 .text          0x0000000000026cec        0x0 c:/intelfpga/18.0/nios2eds/bin/gnu/h-x86_64-mingw32/bin/../lib/gcc/nios2-elf/5.3.0/../../../../../H-x86_64-mingw32/nios2-elf/lib/mno-hw-mul\libc.a(lib_a-writer.o)
 .text._write_r
                0x0000000000026cec       0x60 c:/intelfpga/18.0/nios2eds/bin/gnu/h-x86_64-mingw32/bin/../lib/gcc/nios2-elf/5.3.0/../../../../../H-x86_64-mingw32/nios2-elf/lib/mno-hw-mul\libc.a(lib_a-writer.o)
                0x0000000000026cec                _write_r
 .text          0x0000000000026d4c        0x0 c:/intelfpga/18.0/nios2eds/bin/gnu/h-x86_64-mingw32/bin/../lib/gcc/nios2-elf/5.3.0/../../../../../H-x86_64-mingw32/nios2-elf/lib/mno-hw-mul\libc.a(closer.o)
 .text._close_r
                0x0000000000026d4c       0x54 c:/intelfpga/18.0/nios2eds/bin/gnu/h-x86_64-mingw32/bin/../lib/gcc/nios2-elf/5.3.0/../../../../../H-x86_64-mingw32/nios2-elf/lib/mno-hw-mul\libc.a(closer.o)
                0x0000000000026d4c                _close_r
 .text          0x0000000000026da0        0x0 c:/intelfpga/18.0/nios2eds/bin/gnu/h-x86_64-mingw32/bin/../lib/gcc/nios2-elf/5.3.0/../../../../../H-x86_64-mingw32/nios2-elf/lib/mno-hw-mul\libc.a(lib_a-fclose.o)
 .text._fclose_r
                0x0000000000026da0       0xf0 c:/intelfpga/18.0/nios2eds/bin/gnu/h-x86_64-mingw32/bin/../lib/gcc/nios2-elf/5.3.0/../../../../../H-x86_64-mingw32/nios2-elf/lib/mno-hw-mul\libc.a(lib_a-fclose.o)
                0x0000000000026da0                _fclose_r
 .text.fclose   0x0000000000026e90       0x14 c:/intelfpga/18.0/nios2eds/bin/gnu/h-x86_64-mingw32/bin/../lib/gcc/nios2-elf/5.3.0/../../../../../H-x86_64-mingw32/nios2-elf/lib/mno-hw-mul\libc.a(lib_a-fclose.o)
                0x0000000000026e90                fclose
 .text          0x0000000000026ea4        0x0 c:/intelfpga/18.0/nios2eds/bin/gnu/h-x86_64-mingw32/bin/../lib/gcc/nios2-elf/5.3.0/../../../../../H-x86_64-mingw32/nios2-elf/lib/mno-hw-mul\libc.a(lib_a-fstatr.o)
 .text._fstat_r
                0x0000000000026ea4       0x5c c:/intelfpga/18.0/nios2eds/bin/gnu/h-x86_64-mingw32/bin/../lib/gcc/nios2-elf/5.3.0/../../../../../H-x86_64-mingw32/nios2-elf/lib/mno-hw-mul\libc.a(lib_a-fstatr.o)
                0x0000000000026ea4                _fstat_r
 .text          0x0000000000026f00        0x0 c:/intelfpga/18.0/nios2eds/bin/gnu/h-x86_64-mingw32/bin/../lib/gcc/nios2-elf/5.3.0/../../../../../H-x86_64-mingw32/nios2-elf/lib/mno-hw-mul\libc.a(lib_a-isattyr.o)
 .text._isatty_r
                0x0000000000026f00       0x54 c:/intelfpga/18.0/nios2eds/bin/gnu/h-x86_64-mingw32/bin/../lib/gcc/nios2-elf/5.3.0/../../../../../H-x86_64-mingw32/nios2-elf/lib/mno-hw-mul\libc.a(lib_a-isattyr.o)
                0x0000000000026f00                _isatty_r
 .text          0x0000000000026f54        0x0 c:/intelfpga/18.0/nios2eds/bin/gnu/h-x86_64-mingw32/bin/../lib/gcc/nios2-elf/5.3.0/../../../../../H-x86_64-mingw32/nios2-elf/lib/mno-hw-mul\libc.a(lib_a-lseekr.o)
 .text._lseek_r
                0x0000000000026f54       0x60 c:/intelfpga/18.0/nios2eds/bin/gnu/h-x86_64-mingw32/bin/../lib/gcc/nios2-elf/5.3.0/../../../../../H-x86_64-mingw32/nios2-elf/lib/mno-hw-mul\libc.a(lib_a-lseekr.o)
                0x0000000000026f54                _lseek_r
 .text          0x0000000000026fb4        0x0 c:/intelfpga/18.0/nios2eds/bin/gnu/h-x86_64-mingw32/bin/../lib/gcc/nios2-elf/5.3.0/../../../../../H-x86_64-mingw32/nios2-elf/lib/mno-hw-mul\libc.a(lib_a-readr.o)
 .text._read_r  0x0000000000026fb4       0x60 c:/intelfpga/18.0/nios2eds/bin/gnu/h-x86_64-mingw32/bin/../lib/gcc/nios2-elf/5.3.0/../../../../../H-x86_64-mingw32/nios2-elf/lib/mno-hw-mul\libc.a(lib_a-readr.o)
                0x0000000000026fb4                _read_r
 .text          0x0000000000027014      0x5c4 c:/intelfpga/18.0/nios2eds/bin/gnu/h-x86_64-mingw32/bin/../lib/gcc/nios2-elf/5.3.0/mno-hw-mul\libgcc.a(_umoddi3.o)
                0x0000000000027014                __umoddi3
 .text          0x00000000000275d8        0x0 c:/intelfpga/18.0/nios2eds/bin/gnu/h-x86_64-mingw32/bin/../lib/gcc/nios2-elf/5.3.0/mno-hw-mul\libgcc.a(_clz.o)
 .text          0x00000000000275d8       0x34 ../game-sw_bsp/\libhal_bsp.a(alt_exit.o)
                0x00000000000275d8                _exit
 .text          0x000000000002760c       0xf4 ../game-sw_bsp/\libhal_bsp.a(alt_fstat.o)
                0x0000000000027648                fstat
 .text          0x0000000000027700       0xe8 ../game-sw_bsp/\libhal_bsp.a(alt_isatty.o)
                0x000000000002773c                isatty
 .text          0x00000000000277e8      0x118 ../game-sw_bsp/\libhal_bsp.a(alt_lseek.o)
                0x0000000000027824                lseek
 .text          0x0000000000027900      0x140 ../game-sw_bsp/\libhal_bsp.a(alt_read.o)
                0x000000000002793c                read
 .text          0x0000000000027a40      0x13c ../game-sw_bsp/\libhal_bsp.a(alt_write.o)
                0x0000000000027a7c                write
 *(.gnu.warning.*)
 *(.fini)
                [!provide]                        PROVIDE (__etext, ABSOLUTE (.))
                [!provide]                        PROVIDE (_etext, ABSOLUTE (.))
                [!provide]                        PROVIDE (etext, ABSOLUTE (.))
 *(.eh_frame_hdr)
                0x0000000000027b7c                . = ALIGN (0x4)
                [!provide]                        PROVIDE (__preinit_array_start, ABSOLUTE (.))
 *(.preinit_array)
                [!provide]                        PROVIDE (__preinit_array_end, ABSOLUTE (.))
                [!provide]                        PROVIDE (__init_array_start, ABSOLUTE (.))
 *(.init_array)
                [!provide]                        PROVIDE (__init_array_end, ABSOLUTE (.))
                [!provide]                        PROVIDE (__fini_array_start, ABSOLUTE (.))
 *(.fini_array)
                [!provide]                        PROVIDE (__fini_array_end, ABSOLUTE (.))
 *(.eh_frame)
 *(.gcc_except_table .gcc_except_table.*)
 *(.dynamic)
                0x0000000000027b7c                PROVIDE (__CTOR_LIST__, ABSOLUTE (.))
 *(.ctors)
 *(SORT(.ctors.*))
                0x0000000000027b7c                PROVIDE (__CTOR_END__, ABSOLUTE (.))
                0x0000000000027b7c                PROVIDE (__DTOR_LIST__, ABSOLUTE (.))
 *(.dtors)
 *(SORT(.dtors.*))
                0x0000000000027b7c                PROVIDE (__DTOR_END__, ABSOLUTE (.))
 *(.jcr)
                0x0000000000027b7c                . = ALIGN (0x4)

.rodata         0x0000000000027b7c      0x198
                0x0000000000027b7c                PROVIDE (__ram_rodata_start, ABSOLUTE (.))
                0x0000000000027b7c                . = ALIGN (0x4)
 *(.rodata .rodata.* .gnu.linkonce.r.*)
 .rodata        0x0000000000027b7c       0x24 obj/default/hello_world.o
 .rodata        0x0000000000027ba0       0x44 obj/default/hw.o
                0x0000000000027ba0                commands
                0x0000000000027bbc                HexArray
 .rodata.str1.4
                0x0000000000027be4        0x4 c:/intelfpga/18.0/nios2eds/bin/gnu/h-x86_64-mingw32/bin/../lib/gcc/nios2-elf/5.3.0/../../../../../H-x86_64-mingw32/nios2-elf/lib/mno-hw-mul\libc.a(lib_a-impure.o)
                                          0x2 (size before relaxing)
 .rodata        0x0000000000027be8        0xf ../game-sw_bsp/\libhal_bsp.a(alt_main.o)
 *fill*         0x0000000000027bf7        0x1 
 .rodata        0x0000000000027bf8        0xf ../game-sw_bsp/\libhal_bsp.a(alt_sys_init.o)
 *fill*         0x0000000000027c07        0x1 
 .rodata        0x0000000000027c08        0xa ../game-sw_bsp/\libhal_bsp.a(alt_dev.o)
 .rodata        0x0000000000027c12      0x100 c:/intelfpga/18.0/nios2eds/bin/gnu/h-x86_64-mingw32/bin/../lib/gcc/nios2-elf/5.3.0/mno-hw-mul\libgcc.a(_clz.o)
                0x0000000000027c12                __clz_tab
 *(.rodata1)
                0x0000000000027d14                . = ALIGN (0x4)
 *fill*         0x0000000000027d12        0x2 
                0x0000000000027d14                PROVIDE (__ram_rodata_end, ABSOLUTE (.))
                0x0000000000027b7c                PROVIDE (__flash_rodata_start, LOADADDR (.rodata))

.rwdata         0x0000000000027d14     0x1ab8 load address 0x00000000000297cc
                0x0000000000027d14                PROVIDE (__ram_rwdata_start, ABSOLUTE (.))
                0x0000000000027d14                . = ALIGN (0x4)
 *(.got.plt)
 *(.got)
 *(.data1)
 *(.data .data.* .gnu.linkonce.d.*)
 .data          0x0000000000027d14        0x0 ../game-sw_bsp//obj/HAL/src/crt0.o
 .data          0x0000000000027d14       0x40 obj/default/hello_world.o
                0x0000000000027d14                game_matrix
 .data          0x0000000000027d54        0x0 obj/default/hw.o
 .data          0x0000000000027d54        0x0 c:/intelfpga/18.0/nios2eds/bin/gnu/h-x86_64-mingw32/bin/../lib/gcc/nios2-elf/5.3.0/mno-hw-mul\libgcc.a(lib2-divmod.o)
 .data          0x0000000000027d54        0x0 c:/intelfpga/18.0/nios2eds/bin/gnu/h-x86_64-mingw32/bin/../lib/gcc/nios2-elf/5.3.0/mno-hw-mul\libgcc.a(lib2-mul.o)
 .data          0x0000000000027d54        0x0 c:/intelfpga/18.0/nios2eds/bin/gnu/h-x86_64-mingw32/bin/../lib/gcc/nios2-elf/5.3.0/../../../../../H-x86_64-mingw32/nios2-elf/lib/mno-hw-mul\libc.a(lib_a-malloc.o)
 .data          0x0000000000027d54        0x0 c:/intelfpga/18.0/nios2eds/bin/gnu/h-x86_64-mingw32/bin/../lib/gcc/nios2-elf/5.3.0/../../../../../H-x86_64-mingw32/nios2-elf/lib/mno-hw-mul\libc.a(lib_a-mallocr.o)
 .data.__malloc_av_
                0x0000000000027d54      0x408 c:/intelfpga/18.0/nios2eds/bin/gnu/h-x86_64-mingw32/bin/../lib/gcc/nios2-elf/5.3.0/../../../../../H-x86_64-mingw32/nios2-elf/lib/mno-hw-mul\libc.a(lib_a-mallocr.o)
                0x0000000000027d54                __malloc_av_
 .data          0x000000000002815c        0x0 c:/intelfpga/18.0/nios2eds/bin/gnu/h-x86_64-mingw32/bin/../lib/gcc/nios2-elf/5.3.0/../../../../../H-x86_64-mingw32/nios2-elf/lib/mno-hw-mul\libc.a(lib_a-memcpy.o)
 .data          0x000000000002815c        0x0 c:/intelfpga/18.0/nios2eds/bin/gnu/h-x86_64-mingw32/bin/../lib/gcc/nios2-elf/5.3.0/../../../../../H-x86_64-mingw32/nios2-elf/lib/mno-hw-mul\libc.a(lib_a-rand.o)
 .data          0x000000000002815c        0x0 c:/intelfpga/18.0/nios2eds/bin/gnu/h-x86_64-mingw32/bin/../lib/gcc/nios2-elf/5.3.0/../../../../../H-x86_64-mingw32/nios2-elf/lib/mno-hw-mul\libc.a(lib_a-sbrkr.o)
 .data          0x000000000002815c        0x0 c:/intelfpga/18.0/nios2eds/bin/gnu/h-x86_64-mingw32/bin/../lib/gcc/nios2-elf/5.3.0/../../../../../H-x86_64-mingw32/nios2-elf/lib/mno-hw-mul\libc.a(lib_a-time.o)
 .data          0x000000000002815c        0x0 c:/intelfpga/18.0/nios2eds/bin/gnu/h-x86_64-mingw32/bin/../lib/gcc/nios2-elf/5.3.0/../../../../../H-x86_64-mingw32/nios2-elf/lib/mno-hw-mul\libc.a(lib_a-freer.o)
 .data          0x000000000002815c        0x0 c:/intelfpga/18.0/nios2eds/bin/gnu/h-x86_64-mingw32/bin/../lib/gcc/nios2-elf/5.3.0/../../../../../H-x86_64-mingw32/nios2-elf/lib/mno-hw-mul\libc.a(lib_a-gettimeofdayr.o)
 .data          0x000000000002815c        0x0 c:/intelfpga/18.0/nios2eds/bin/gnu/h-x86_64-mingw32/bin/../lib/gcc/nios2-elf/5.3.0/../../../../../H-x86_64-mingw32/nios2-elf/lib/mno-hw-mul\libc.a(lib_a-impure.o)
 .data.impure_data
                0x000000000002815c      0x424 c:/intelfpga/18.0/nios2eds/bin/gnu/h-x86_64-mingw32/bin/../lib/gcc/nios2-elf/5.3.0/../../../../../H-x86_64-mingw32/nios2-elf/lib/mno-hw-mul\libc.a(lib_a-impure.o)
 .data          0x0000000000028580        0x0 c:/intelfpga/18.0/nios2eds/bin/gnu/h-x86_64-mingw32/bin/../lib/gcc/nios2-elf/5.3.0/../../../../../H-x86_64-mingw32/nios2-elf/lib/mno-hw-mul\libc.a(lib_a-int_errno.o)
 .data          0x0000000000028580        0x0 c:/intelfpga/18.0/nios2eds/bin/gnu/h-x86_64-mingw32/bin/../lib/gcc/nios2-elf/5.3.0/mno-hw-mul\libgcc.a(_muldi3.o)
 .data          0x0000000000028580        0x0 ../game-sw_bsp/\libhal_bsp.a(alt_gettod.o)
 .data          0x0000000000028580        0x0 ../game-sw_bsp/\libhal_bsp.a(alt_iic.o)
 .data          0x0000000000028580        0x0 ../game-sw_bsp/\libhal_bsp.a(alt_iic_isr_register.o)
 .data          0x0000000000028580        0x0 ../game-sw_bsp/\libhal_bsp.a(alt_irq_entry.o)
 .data          0x0000000000028580        0x0 ../game-sw_bsp/\libhal_bsp.a(alt_irq_handler.o)
 .data          0x0000000000028580        0x0 ../game-sw_bsp/\libhal_bsp.a(alt_irq_vars.o)
 .data          0x0000000000028580        0x0 ../game-sw_bsp/\libhal_bsp.a(alt_load.o)
 .data          0x0000000000028580        0x0 ../game-sw_bsp/\libhal_bsp.a(alt_main.o)
 .data          0x0000000000028580        0x0 ../game-sw_bsp/\libhal_bsp.a(alt_malloc_lock.o)
 .data          0x0000000000028580        0x0 ../game-sw_bsp/\libhal_bsp.a(alt_putstr.o)
 .data          0x0000000000028580        0x0 ../game-sw_bsp/\libhal_bsp.a(alt_sbrk.o)
 .data          0x0000000000028580        0x0 ../game-sw_bsp/\libhal_bsp.a(alt_tick.o)
 .data          0x0000000000028580     0x1060 ../game-sw_bsp/\libhal_bsp.a(alt_sys_init.o)
 .data          0x00000000000295e0        0x0 ../game-sw_bsp/\libhal_bsp.a(altera_avalon_jtag_uart_fd.o)
 .data          0x00000000000295e0        0x0 ../game-sw_bsp/\libhal_bsp.a(altera_avalon_jtag_uart_init.o)
 .data          0x00000000000295e0        0x0 ../game-sw_bsp/\libhal_bsp.a(altera_avalon_jtag_uart_ioctl.o)
 .data          0x00000000000295e0        0x0 ../game-sw_bsp/\libhal_bsp.a(altera_avalon_jtag_uart_read.o)
 .data          0x00000000000295e0        0x0 ../game-sw_bsp/\libhal_bsp.a(altera_avalon_jtag_uart_write.o)
 .data          0x00000000000295e0        0x0 ../game-sw_bsp/\libhal_bsp.a(altera_avalon_timer_sc.o)
 .data          0x00000000000295e0        0x0 ../game-sw_bsp/\libhal_bsp.a(alt_alarm_start.o)
 .data          0x00000000000295e0        0x0 ../game-sw_bsp/\libhal_bsp.a(alt_close.o)
 .data          0x00000000000295e0        0x0 ../game-sw_bsp/\libhal_bsp.a(alt_dcache_flush_all.o)
 .data          0x00000000000295e0      0x1a8 ../game-sw_bsp/\libhal_bsp.a(alt_dev.o)
                0x00000000000295e0                alt_dev_null
                0x0000000000029608                alt_fd_list
 .data          0x0000000000029788        0x0 ../game-sw_bsp/\libhal_bsp.a(alt_dev_llist_insert.o)
 .data          0x0000000000029788        0x0 ../game-sw_bsp/\libhal_bsp.a(alt_do_ctors.o)
 .data          0x0000000000029788        0x0 ../game-sw_bsp/\libhal_bsp.a(alt_do_dtors.o)
 .data          0x0000000000029788        0x0 ../game-sw_bsp/\libhal_bsp.a(alt_errno.o)
 .data          0x0000000000029788        0x0 ../game-sw_bsp/\libhal_bsp.a(alt_exception_entry.o)
 .data          0x0000000000029788        0x0 ../game-sw_bsp/\libhal_bsp.a(alt_icache_flush_all.o)
 .data          0x0000000000029788        0x0 ../game-sw_bsp/\libhal_bsp.a(alt_instruction_exception_entry.o)
 .data          0x0000000000029788        0x0 ../game-sw_bsp/\libhal_bsp.a(alt_io_redirect.o)
 .data          0x0000000000029788        0x0 ../game-sw_bsp/\libhal_bsp.a(alt_open.o)
 .data          0x0000000000029788        0x0 ../game-sw_bsp/\libhal_bsp.a(alt_release_fd.o)
 .data          0x0000000000029788        0x0 ../game-sw_bsp/\libhal_bsp.a(altera_nios2_gen2_irq.o)
 .data          0x0000000000029788        0x0 ../game-sw_bsp/\libhal_bsp.a(alt_find_dev.o)
 .data          0x0000000000029788        0x0 ../game-sw_bsp/\libhal_bsp.a(alt_find_file.o)
 .data          0x0000000000029788        0x0 ../game-sw_bsp/\libhal_bsp.a(alt_get_fd.o)
 .data          0x0000000000029788        0x0 c:/intelfpga/18.0/nios2eds/bin/gnu/h-x86_64-mingw32/bin/../lib/gcc/nios2-elf/5.3.0/../../../../../H-x86_64-mingw32/nios2-elf/lib/mno-hw-mul\libc.a(lib_a-atexit.o)
 .data          0x0000000000029788        0x0 c:/intelfpga/18.0/nios2eds/bin/gnu/h-x86_64-mingw32/bin/../lib/gcc/nios2-elf/5.3.0/../../../../../H-x86_64-mingw32/nios2-elf/lib/mno-hw-mul\libc.a(lib_a-exit.o)
 .data          0x0000000000029788        0x0 c:/intelfpga/18.0/nios2eds/bin/gnu/h-x86_64-mingw32/bin/../lib/gcc/nios2-elf/5.3.0/../../../../../H-x86_64-mingw32/nios2-elf/lib/mno-hw-mul\libc.a(lib_a-fputs.o)
 .data          0x0000000000029788        0x0 c:/intelfpga/18.0/nios2eds/bin/gnu/h-x86_64-mingw32/bin/../lib/gcc/nios2-elf/5.3.0/../../../../../H-x86_64-mingw32/nios2-elf/lib/mno-hw-mul\libc.a(lib_a-fvwrite.o)
 .data          0x0000000000029788        0x0 c:/intelfpga/18.0/nios2eds/bin/gnu/h-x86_64-mingw32/bin/../lib/gcc/nios2-elf/5.3.0/../../../../../H-x86_64-mingw32/nios2-elf/lib/mno-hw-mul\libc.a(lib_a-memchr.o)
 .data          0x0000000000029788        0x0 c:/intelfpga/18.0/nios2eds/bin/gnu/h-x86_64-mingw32/bin/../lib/gcc/nios2-elf/5.3.0/../../../../../H-x86_64-mingw32/nios2-elf/lib/mno-hw-mul\libc.a(lib_a-memcmp.o)
 .data          0x0000000000029788        0x0 c:/intelfpga/18.0/nios2eds/bin/gnu/h-x86_64-mingw32/bin/../lib/gcc/nios2-elf/5.3.0/../../../../../H-x86_64-mingw32/nios2-elf/lib/mno-hw-mul\libc.a(lib_a-memmove.o)
 .data          0x0000000000029788        0x0 c:/intelfpga/18.0/nios2eds/bin/gnu/h-x86_64-mingw32/bin/../lib/gcc/nios2-elf/5.3.0/../../../../../H-x86_64-mingw32/nios2-elf/lib/mno-hw-mul\libc.a(lib_a-reallocr.o)
 .data          0x0000000000029788        0x0 c:/intelfpga/18.0/nios2eds/bin/gnu/h-x86_64-mingw32/bin/../lib/gcc/nios2-elf/5.3.0/../../../../../H-x86_64-mingw32/nios2-elf/lib/mno-hw-mul\libc.a(lib_a-strlen.o)
 .data          0x0000000000029788        0x0 c:/intelfpga/18.0/nios2eds/bin/gnu/h-x86_64-mingw32/bin/../lib/gcc/nios2-elf/5.3.0/../../../../../H-x86_64-mingw32/nios2-elf/lib/mno-hw-mul\libc.a(lib_a-wsetup.o)
 .data          0x0000000000029788        0x0 c:/intelfpga/18.0/nios2eds/bin/gnu/h-x86_64-mingw32/bin/../lib/gcc/nios2-elf/5.3.0/../../../../../H-x86_64-mingw32/nios2-elf/lib/mno-hw-mul\libc.a(lib_a-__atexit.o)
 .data          0x0000000000029788        0x0 c:/intelfpga/18.0/nios2eds/bin/gnu/h-x86_64-mingw32/bin/../lib/gcc/nios2-elf/5.3.0/../../../../../H-x86_64-mingw32/nios2-elf/lib/mno-hw-mul\libc.a(lib_a-__call_atexit.o)
 .data          0x0000000000029788        0x0 c:/intelfpga/18.0/nios2eds/bin/gnu/h-x86_64-mingw32/bin/../lib/gcc/nios2-elf/5.3.0/../../../../../H-x86_64-mingw32/nios2-elf/lib/mno-hw-mul\libc.a(lib_a-fflush.o)
 .data          0x0000000000029788        0x0 c:/intelfpga/18.0/nios2eds/bin/gnu/h-x86_64-mingw32/bin/../lib/gcc/nios2-elf/5.3.0/../../../../../H-x86_64-mingw32/nios2-elf/lib/mno-hw-mul\libc.a(lib_a-findfp.o)
 .data          0x0000000000029788        0x0 c:/intelfpga/18.0/nios2eds/bin/gnu/h-x86_64-mingw32/bin/../lib/gcc/nios2-elf/5.3.0/../../../../../H-x86_64-mingw32/nios2-elf/lib/mno-hw-mul\libc.a(lib_a-fwalk.o)
 .data          0x0000000000029788        0x0 c:/intelfpga/18.0/nios2eds/bin/gnu/h-x86_64-mingw32/bin/../lib/gcc/nios2-elf/5.3.0/../../../../../H-x86_64-mingw32/nios2-elf/lib/mno-hw-mul\libc.a(lib_a-makebuf.o)
 .data          0x0000000000029788        0x0 c:/intelfpga/18.0/nios2eds/bin/gnu/h-x86_64-mingw32/bin/../lib/gcc/nios2-elf/5.3.0/../../../../../H-x86_64-mingw32/nios2-elf/lib/mno-hw-mul\libc.a(lib_a-memset.o)
 .data          0x0000000000029788        0x0 c:/intelfpga/18.0/nios2eds/bin/gnu/h-x86_64-mingw32/bin/../lib/gcc/nios2-elf/5.3.0/../../../../../H-x86_64-mingw32/nios2-elf/lib/mno-hw-mul\libc.a(lib_a-stdio.o)
 .data          0x0000000000029788        0x0 c:/intelfpga/18.0/nios2eds/bin/gnu/h-x86_64-mingw32/bin/../lib/gcc/nios2-elf/5.3.0/../../../../../H-x86_64-mingw32/nios2-elf/lib/mno-hw-mul\libc.a(lib_a-writer.o)
 .data          0x0000000000029788        0x0 c:/intelfpga/18.0/nios2eds/bin/gnu/h-x86_64-mingw32/bin/../lib/gcc/nios2-elf/5.3.0/../../../../../H-x86_64-mingw32/nios2-elf/lib/mno-hw-mul\libc.a(closer.o)
 .data          0x0000000000029788        0x0 c:/intelfpga/18.0/nios2eds/bin/gnu/h-x86_64-mingw32/bin/../lib/gcc/nios2-elf/5.3.0/../../../../../H-x86_64-mingw32/nios2-elf/lib/mno-hw-mul\libc.a(lib_a-fclose.o)
 .data          0x0000000000029788        0x0 c:/intelfpga/18.0/nios2eds/bin/gnu/h-x86_64-mingw32/bin/../lib/gcc/nios2-elf/5.3.0/../../../../../H-x86_64-mingw32/nios2-elf/lib/mno-hw-mul\libc.a(lib_a-fstatr.o)
 .data          0x0000000000029788        0x0 c:/intelfpga/18.0/nios2eds/bin/gnu/h-x86_64-mingw32/bin/../lib/gcc/nios2-elf/5.3.0/../../../../../H-x86_64-mingw32/nios2-elf/lib/mno-hw-mul\libc.a(lib_a-isattyr.o)
 .data          0x0000000000029788        0x0 c:/intelfpga/18.0/nios2eds/bin/gnu/h-x86_64-mingw32/bin/../lib/gcc/nios2-elf/5.3.0/../../../../../H-x86_64-mingw32/nios2-elf/lib/mno-hw-mul\libc.a(lib_a-lseekr.o)
 .data          0x0000000000029788        0x0 c:/intelfpga/18.0/nios2eds/bin/gnu/h-x86_64-mingw32/bin/../lib/gcc/nios2-elf/5.3.0/../../../../../H-x86_64-mingw32/nios2-elf/lib/mno-hw-mul\libc.a(lib_a-readr.o)
 .data          0x0000000000029788        0x0 c:/intelfpga/18.0/nios2eds/bin/gnu/h-x86_64-mingw32/bin/../lib/gcc/nios2-elf/5.3.0/mno-hw-mul\libgcc.a(_umoddi3.o)
 .data          0x0000000000029788        0x0 c:/intelfpga/18.0/nios2eds/bin/gnu/h-x86_64-mingw32/bin/../lib/gcc/nios2-elf/5.3.0/mno-hw-mul\libgcc.a(_clz.o)
 .data          0x0000000000029788        0x0 ../game-sw_bsp/\libhal_bsp.a(alt_exit.o)
 .data          0x0000000000029788        0x0 ../game-sw_bsp/\libhal_bsp.a(alt_fstat.o)
 .data          0x0000000000029788        0x0 ../game-sw_bsp/\libhal_bsp.a(alt_isatty.o)
 .data          0x0000000000029788        0x0 ../game-sw_bsp/\libhal_bsp.a(alt_lseek.o)
 .data          0x0000000000029788        0x0 ../game-sw_bsp/\libhal_bsp.a(alt_read.o)
 .data          0x0000000000029788        0x0 ../game-sw_bsp/\libhal_bsp.a(alt_write.o)
                0x0000000000031788                _gp = ABSOLUTE ((. + 0x8000))
                [!provide]                        PROVIDE (gp, _gp)
 *(.rwdata .rwdata.*)
 *(.sdata .sdata.* .gnu.linkonce.s.*)
 .sdata         0x0000000000029788        0x8 obj/default/hello_world.o
                0x0000000000029788                lives
 .sdata         0x0000000000029790        0x2 obj/default/hw.o
                0x0000000000029790                lcdSema
                0x0000000000029791                gameSema
 *fill*         0x0000000000029792        0x2 
 .sdata.__malloc_sbrk_base
                0x0000000000029794        0x4 c:/intelfpga/18.0/nios2eds/bin/gnu/h-x86_64-mingw32/bin/../lib/gcc/nios2-elf/5.3.0/../../../../../H-x86_64-mingw32/nios2-elf/lib/mno-hw-mul\libc.a(lib_a-mallocr.o)
                0x0000000000029794                __malloc_sbrk_base
 .sdata.__malloc_trim_threshold
                0x0000000000029798        0x4 c:/intelfpga/18.0/nios2eds/bin/gnu/h-x86_64-mingw32/bin/../lib/gcc/nios2-elf/5.3.0/../../../../../H-x86_64-mingw32/nios2-elf/lib/mno-hw-mul\libc.a(lib_a-mallocr.o)
                0x0000000000029798                __malloc_trim_threshold
 .sdata._global_impure_ptr
                0x000000000002979c        0x4 c:/intelfpga/18.0/nios2eds/bin/gnu/h-x86_64-mingw32/bin/../lib/gcc/nios2-elf/5.3.0/../../../../../H-x86_64-mingw32/nios2-elf/lib/mno-hw-mul\libc.a(lib_a-impure.o)
                0x000000000002979c                _global_impure_ptr
 .sdata._impure_ptr
                0x00000000000297a0        0x4 c:/intelfpga/18.0/nios2eds/bin/gnu/h-x86_64-mingw32/bin/../lib/gcc/nios2-elf/5.3.0/../../../../../H-x86_64-mingw32/nios2-elf/lib/mno-hw-mul\libc.a(lib_a-impure.o)
                0x00000000000297a0                _impure_ptr
 .sdata         0x00000000000297a4        0x4 ../game-sw_bsp/\libhal_bsp.a(alt_irq_vars.o)
                0x00000000000297a4                alt_priority_mask
 .sdata         0x00000000000297a8        0x4 ../game-sw_bsp/\libhal_bsp.a(alt_sbrk.o)
 .sdata         0x00000000000297ac        0x8 ../game-sw_bsp/\libhal_bsp.a(alt_tick.o)
                0x00000000000297ac                alt_alarm_list
 .sdata         0x00000000000297b4       0x14 ../game-sw_bsp/\libhal_bsp.a(alt_dev.o)
                0x00000000000297b4                alt_fs_list
                0x00000000000297bc                alt_dev_list
                0x00000000000297c4                alt_max_fd
 .sdata         0x00000000000297c8        0x4 ../game-sw_bsp/\libhal_bsp.a(alt_errno.o)
                0x00000000000297c8                alt_errno
 *(.sdata2 .sdata2.* .gnu.linkonce.s2.*)
                0x00000000000297cc                . = ALIGN (0x4)
                0x00000000000297cc                _edata = ABSOLUTE (.)
                [!provide]                        PROVIDE (edata, ABSOLUTE (.))
                0x00000000000297cc                PROVIDE (__ram_rwdata_end, ABSOLUTE (.))
                0x00000000000297cc                PROVIDE (__flash_rwdata_start, LOADADDR (.rwdata))

.bss            0x000000000002b284      0x168
                0x000000000002b284                __bss_start = ABSOLUTE (.)
                [!provide]                        PROVIDE (__sbss_start, ABSOLUTE (.))
                [!provide]                        PROVIDE (___sbss_start, ABSOLUTE (.))
 *(.dynsbss)
 *(.sbss .sbss.* .gnu.linkonce.sb.*)
 .sbss          0x000000000002b284        0x4 obj/default/hello_world.o
                0x000000000002b284                score
 .sbss.__malloc_max_total_mem
                0x000000000002b288        0x4 c:/intelfpga/18.0/nios2eds/bin/gnu/h-x86_64-mingw32/bin/../lib/gcc/nios2-elf/5.3.0/../../../../../H-x86_64-mingw32/nios2-elf/lib/mno-hw-mul\libc.a(lib_a-mallocr.o)
                0x000000000002b288                __malloc_max_total_mem
 .sbss.__malloc_max_sbrked_mem
                0x000000000002b28c        0x4 c:/intelfpga/18.0/nios2eds/bin/gnu/h-x86_64-mingw32/bin/../lib/gcc/nios2-elf/5.3.0/../../../../../H-x86_64-mingw32/nios2-elf/lib/mno-hw-mul\libc.a(lib_a-mallocr.o)
                0x000000000002b28c                __malloc_max_sbrked_mem
 .sbss.__malloc_top_pad
                0x000000000002b290        0x4 c:/intelfpga/18.0/nios2eds/bin/gnu/h-x86_64-mingw32/bin/../lib/gcc/nios2-elf/5.3.0/../../../../../H-x86_64-mingw32/nios2-elf/lib/mno-hw-mul\libc.a(lib_a-mallocr.o)
                0x000000000002b290                __malloc_top_pad
 .sbss          0x000000000002b294        0x4 c:/intelfpga/18.0/nios2eds/bin/gnu/h-x86_64-mingw32/bin/../lib/gcc/nios2-elf/5.3.0/../../../../../H-x86_64-mingw32/nios2-elf/lib/mno-hw-mul\libc.a(lib_a-int_errno.o)
                0x000000000002b294                errno
 .sbss          0x000000000002b298       0x10 ../game-sw_bsp/\libhal_bsp.a(alt_gettod.o)
                0x000000000002b298                alt_timezone
                0x000000000002b2a0                alt_resettime
 .sbss          0x000000000002b2a8        0x4 ../game-sw_bsp/\libhal_bsp.a(alt_irq_vars.o)
                0x000000000002b2a8                alt_irq_active
 .sbss          0x000000000002b2ac        0xc ../game-sw_bsp/\libhal_bsp.a(alt_main.o)
                0x000000000002b2ac                alt_argc
                0x000000000002b2b0                alt_argv
                0x000000000002b2b4                alt_envp
 .sbss          0x000000000002b2b8        0x8 ../game-sw_bsp/\libhal_bsp.a(alt_tick.o)
                0x000000000002b2b8                _alt_tick_rate
                0x000000000002b2bc                _alt_nticks
 .sbss          0x000000000002b2c0        0x4 ../game-sw_bsp/\libhal_bsp.a(alt_instruction_exception_entry.o)
                0x000000000002b2c0                alt_instruction_exception_handler
 *(.sbss2 .sbss2.* .gnu.linkonce.sb2.*)
 *(.scommon)
                [!provide]                        PROVIDE (__sbss_end, ABSOLUTE (.))
                [!provide]                        PROVIDE (___sbss_end, ABSOLUTE (.))
 *(.dynbss)
 *(.bss .bss.* .gnu.linkonce.b.*)
 .bss           0x000000000002b2c4        0x0 ../game-sw_bsp//obj/HAL/src/crt0.o
 .bss           0x000000000002b2c4        0x0 obj/default/hello_world.o
 .bss           0x000000000002b2c4        0x0 obj/default/hw.o
 .bss           0x000000000002b2c4        0x0 c:/intelfpga/18.0/nios2eds/bin/gnu/h-x86_64-mingw32/bin/../lib/gcc/nios2-elf/5.3.0/mno-hw-mul\libgcc.a(lib2-divmod.o)
 .bss           0x000000000002b2c4        0x0 c:/intelfpga/18.0/nios2eds/bin/gnu/h-x86_64-mingw32/bin/../lib/gcc/nios2-elf/5.3.0/mno-hw-mul\libgcc.a(lib2-mul.o)
 .bss           0x000000000002b2c4        0x0 c:/intelfpga/18.0/nios2eds/bin/gnu/h-x86_64-mingw32/bin/../lib/gcc/nios2-elf/5.3.0/../../../../../H-x86_64-mingw32/nios2-elf/lib/mno-hw-mul\libc.a(lib_a-malloc.o)
 .bss           0x000000000002b2c4        0x0 c:/intelfpga/18.0/nios2eds/bin/gnu/h-x86_64-mingw32/bin/../lib/gcc/nios2-elf/5.3.0/../../../../../H-x86_64-mingw32/nios2-elf/lib/mno-hw-mul\libc.a(lib_a-mallocr.o)
 .bss.__malloc_current_mallinfo
                0x000000000002b2c4       0x28 c:/intelfpga/18.0/nios2eds/bin/gnu/h-x86_64-mingw32/bin/../lib/gcc/nios2-elf/5.3.0/../../../../../H-x86_64-mingw32/nios2-elf/lib/mno-hw-mul\libc.a(lib_a-mallocr.o)
                0x000000000002b2c4                __malloc_current_mallinfo
 .bss           0x000000000002b2ec        0x0 c:/intelfpga/18.0/nios2eds/bin/gnu/h-x86_64-mingw32/bin/../lib/gcc/nios2-elf/5.3.0/../../../../../H-x86_64-mingw32/nios2-elf/lib/mno-hw-mul\libc.a(lib_a-memcpy.o)
 .bss           0x000000000002b2ec        0x0 c:/intelfpga/18.0/nios2eds/bin/gnu/h-x86_64-mingw32/bin/../lib/gcc/nios2-elf/5.3.0/../../../../../H-x86_64-mingw32/nios2-elf/lib/mno-hw-mul\libc.a(lib_a-rand.o)
 .bss           0x000000000002b2ec        0x0 c:/intelfpga/18.0/nios2eds/bin/gnu/h-x86_64-mingw32/bin/../lib/gcc/nios2-elf/5.3.0/../../../../../H-x86_64-mingw32/nios2-elf/lib/mno-hw-mul\libc.a(lib_a-sbrkr.o)
 .bss           0x000000000002b2ec        0x0 c:/intelfpga/18.0/nios2eds/bin/gnu/h-x86_64-mingw32/bin/../lib/gcc/nios2-elf/5.3.0/../../../../../H-x86_64-mingw32/nios2-elf/lib/mno-hw-mul\libc.a(lib_a-time.o)
 .bss           0x000000000002b2ec        0x0 c:/intelfpga/18.0/nios2eds/bin/gnu/h-x86_64-mingw32/bin/../lib/gcc/nios2-elf/5.3.0/../../../../../H-x86_64-mingw32/nios2-elf/lib/mno-hw-mul\libc.a(lib_a-freer.o)
 .bss           0x000000000002b2ec        0x0 c:/intelfpga/18.0/nios2eds/bin/gnu/h-x86_64-mingw32/bin/../lib/gcc/nios2-elf/5.3.0/../../../../../H-x86_64-mingw32/nios2-elf/lib/mno-hw-mul\libc.a(lib_a-gettimeofdayr.o)
 .bss           0x000000000002b2ec        0x0 c:/intelfpga/18.0/nios2eds/bin/gnu/h-x86_64-mingw32/bin/../lib/gcc/nios2-elf/5.3.0/../../../../../H-x86_64-mingw32/nios2-elf/lib/mno-hw-mul\libc.a(lib_a-impure.o)
 .bss           0x000000000002b2ec        0x0 c:/intelfpga/18.0/nios2eds/bin/gnu/h-x86_64-mingw32/bin/../lib/gcc/nios2-elf/5.3.0/../../../../../H-x86_64-mingw32/nios2-elf/lib/mno-hw-mul\libc.a(lib_a-int_errno.o)
 .bss           0x000000000002b2ec        0x0 c:/intelfpga/18.0/nios2eds/bin/gnu/h-x86_64-mingw32/bin/../lib/gcc/nios2-elf/5.3.0/mno-hw-mul\libgcc.a(_muldi3.o)
 .bss           0x000000000002b2ec        0x0 ../game-sw_bsp/\libhal_bsp.a(alt_gettod.o)
 .bss           0x000000000002b2ec        0x0 ../game-sw_bsp/\libhal_bsp.a(alt_iic.o)
 .bss           0x000000000002b2ec        0x0 ../game-sw_bsp/\libhal_bsp.a(alt_iic_isr_register.o)
 .bss           0x000000000002b2ec        0x0 ../game-sw_bsp/\libhal_bsp.a(alt_irq_entry.o)
 .bss           0x000000000002b2ec        0x0 ../game-sw_bsp/\libhal_bsp.a(alt_irq_handler.o)
 .bss           0x000000000002b2ec        0x0 ../game-sw_bsp/\libhal_bsp.a(alt_irq_vars.o)
 .bss           0x000000000002b2ec        0x0 ../game-sw_bsp/\libhal_bsp.a(alt_load.o)
 .bss           0x000000000002b2ec        0x0 ../game-sw_bsp/\libhal_bsp.a(alt_main.o)
 .bss           0x000000000002b2ec        0x0 ../game-sw_bsp/\libhal_bsp.a(alt_malloc_lock.o)
 .bss           0x000000000002b2ec        0x0 ../game-sw_bsp/\libhal_bsp.a(alt_putstr.o)
 .bss           0x000000000002b2ec        0x0 ../game-sw_bsp/\libhal_bsp.a(alt_sbrk.o)
 .bss           0x000000000002b2ec        0x0 ../game-sw_bsp/\libhal_bsp.a(alt_tick.o)
 .bss           0x000000000002b2ec        0x0 ../game-sw_bsp/\libhal_bsp.a(alt_sys_init.o)
 .bss           0x000000000002b2ec        0x0 ../game-sw_bsp/\libhal_bsp.a(altera_avalon_jtag_uart_fd.o)
 .bss           0x000000000002b2ec        0x0 ../game-sw_bsp/\libhal_bsp.a(altera_avalon_jtag_uart_init.o)
 .bss           0x000000000002b2ec        0x0 ../game-sw_bsp/\libhal_bsp.a(altera_avalon_jtag_uart_ioctl.o)
 .bss           0x000000000002b2ec        0x0 ../game-sw_bsp/\libhal_bsp.a(altera_avalon_jtag_uart_read.o)
 .bss           0x000000000002b2ec        0x0 ../game-sw_bsp/\libhal_bsp.a(altera_avalon_jtag_uart_write.o)
 .bss           0x000000000002b2ec        0x0 ../game-sw_bsp/\libhal_bsp.a(altera_avalon_timer_sc.o)
 .bss           0x000000000002b2ec        0x0 ../game-sw_bsp/\libhal_bsp.a(alt_alarm_start.o)
 .bss           0x000000000002b2ec        0x0 ../game-sw_bsp/\libhal_bsp.a(alt_close.o)
 .bss           0x000000000002b2ec        0x0 ../game-sw_bsp/\libhal_bsp.a(alt_dcache_flush_all.o)
 .bss           0x000000000002b2ec        0x0 ../game-sw_bsp/\libhal_bsp.a(alt_dev.o)
 .bss           0x000000000002b2ec        0x0 ../game-sw_bsp/\libhal_bsp.a(alt_dev_llist_insert.o)
 .bss           0x000000000002b2ec        0x0 ../game-sw_bsp/\libhal_bsp.a(alt_do_ctors.o)
 .bss           0x000000000002b2ec        0x0 ../game-sw_bsp/\libhal_bsp.a(alt_do_dtors.o)
 .bss           0x000000000002b2ec        0x0 ../game-sw_bsp/\libhal_bsp.a(alt_errno.o)
 .bss           0x000000000002b2ec        0x0 ../game-sw_bsp/\libhal_bsp.a(alt_exception_entry.o)
 .bss           0x000000000002b2ec        0x0 ../game-sw_bsp/\libhal_bsp.a(alt_icache_flush_all.o)
 .bss           0x000000000002b2ec        0x0 ../game-sw_bsp/\libhal_bsp.a(alt_instruction_exception_entry.o)
 .bss           0x000000000002b2ec        0x0 ../game-sw_bsp/\libhal_bsp.a(alt_io_redirect.o)
 .bss           0x000000000002b2ec        0x0 ../game-sw_bsp/\libhal_bsp.a(alt_open.o)
 .bss           0x000000000002b2ec        0x0 ../game-sw_bsp/\libhal_bsp.a(alt_release_fd.o)
 .bss           0x000000000002b2ec        0x0 ../game-sw_bsp/\libhal_bsp.a(altera_nios2_gen2_irq.o)
 .bss           0x000000000002b2ec        0x0 ../game-sw_bsp/\libhal_bsp.a(alt_find_dev.o)
 .bss           0x000000000002b2ec        0x0 ../game-sw_bsp/\libhal_bsp.a(alt_find_file.o)
 .bss           0x000000000002b2ec        0x0 ../game-sw_bsp/\libhal_bsp.a(alt_get_fd.o)
 .bss           0x000000000002b2ec        0x0 c:/intelfpga/18.0/nios2eds/bin/gnu/h-x86_64-mingw32/bin/../lib/gcc/nios2-elf/5.3.0/../../../../../H-x86_64-mingw32/nios2-elf/lib/mno-hw-mul\libc.a(lib_a-atexit.o)
 .bss           0x000000000002b2ec        0x0 c:/intelfpga/18.0/nios2eds/bin/gnu/h-x86_64-mingw32/bin/../lib/gcc/nios2-elf/5.3.0/../../../../../H-x86_64-mingw32/nios2-elf/lib/mno-hw-mul\libc.a(lib_a-exit.o)
 .bss           0x000000000002b2ec        0x0 c:/intelfpga/18.0/nios2eds/bin/gnu/h-x86_64-mingw32/bin/../lib/gcc/nios2-elf/5.3.0/../../../../../H-x86_64-mingw32/nios2-elf/lib/mno-hw-mul\libc.a(lib_a-fputs.o)
 .bss           0x000000000002b2ec        0x0 c:/intelfpga/18.0/nios2eds/bin/gnu/h-x86_64-mingw32/bin/../lib/gcc/nios2-elf/5.3.0/../../../../../H-x86_64-mingw32/nios2-elf/lib/mno-hw-mul\libc.a(lib_a-fvwrite.o)
 .bss           0x000000000002b2ec        0x0 c:/intelfpga/18.0/nios2eds/bin/gnu/h-x86_64-mingw32/bin/../lib/gcc/nios2-elf/5.3.0/../../../../../H-x86_64-mingw32/nios2-elf/lib/mno-hw-mul\libc.a(lib_a-memchr.o)
 .bss           0x000000000002b2ec        0x0 c:/intelfpga/18.0/nios2eds/bin/gnu/h-x86_64-mingw32/bin/../lib/gcc/nios2-elf/5.3.0/../../../../../H-x86_64-mingw32/nios2-elf/lib/mno-hw-mul\libc.a(lib_a-memcmp.o)
 .bss           0x000000000002b2ec        0x0 c:/intelfpga/18.0/nios2eds/bin/gnu/h-x86_64-mingw32/bin/../lib/gcc/nios2-elf/5.3.0/../../../../../H-x86_64-mingw32/nios2-elf/lib/mno-hw-mul\libc.a(lib_a-memmove.o)
 .bss           0x000000000002b2ec        0x0 c:/intelfpga/18.0/nios2eds/bin/gnu/h-x86_64-mingw32/bin/../lib/gcc/nios2-elf/5.3.0/../../../../../H-x86_64-mingw32/nios2-elf/lib/mno-hw-mul\libc.a(lib_a-reallocr.o)
 .bss           0x000000000002b2ec        0x0 c:/intelfpga/18.0/nios2eds/bin/gnu/h-x86_64-mingw32/bin/../lib/gcc/nios2-elf/5.3.0/../../../../../H-x86_64-mingw32/nios2-elf/lib/mno-hw-mul\libc.a(lib_a-strlen.o)
 .bss           0x000000000002b2ec        0x0 c:/intelfpga/18.0/nios2eds/bin/gnu/h-x86_64-mingw32/bin/../lib/gcc/nios2-elf/5.3.0/../../../../../H-x86_64-mingw32/nios2-elf/lib/mno-hw-mul\libc.a(lib_a-wsetup.o)
 .bss           0x000000000002b2ec        0x0 c:/intelfpga/18.0/nios2eds/bin/gnu/h-x86_64-mingw32/bin/../lib/gcc/nios2-elf/5.3.0/../../../../../H-x86_64-mingw32/nios2-elf/lib/mno-hw-mul\libc.a(lib_a-__atexit.o)
 .bss           0x000000000002b2ec        0x0 c:/intelfpga/18.0/nios2eds/bin/gnu/h-x86_64-mingw32/bin/../lib/gcc/nios2-elf/5.3.0/../../../../../H-x86_64-mingw32/nios2-elf/lib/mno-hw-mul\libc.a(lib_a-__call_atexit.o)
 .bss           0x000000000002b2ec        0x0 c:/intelfpga/18.0/nios2eds/bin/gnu/h-x86_64-mingw32/bin/../lib/gcc/nios2-elf/5.3.0/../../../../../H-x86_64-mingw32/nios2-elf/lib/mno-hw-mul\libc.a(lib_a-fflush.o)
 .bss           0x000000000002b2ec        0x0 c:/intelfpga/18.0/nios2eds/bin/gnu/h-x86_64-mingw32/bin/../lib/gcc/nios2-elf/5.3.0/../../../../../H-x86_64-mingw32/nios2-elf/lib/mno-hw-mul\libc.a(lib_a-findfp.o)
 .bss           0x000000000002b2ec        0x0 c:/intelfpga/18.0/nios2eds/bin/gnu/h-x86_64-mingw32/bin/../lib/gcc/nios2-elf/5.3.0/../../../../../H-x86_64-mingw32/nios2-elf/lib/mno-hw-mul\libc.a(lib_a-fwalk.o)
 .bss           0x000000000002b2ec        0x0 c:/intelfpga/18.0/nios2eds/bin/gnu/h-x86_64-mingw32/bin/../lib/gcc/nios2-elf/5.3.0/../../../../../H-x86_64-mingw32/nios2-elf/lib/mno-hw-mul\libc.a(lib_a-makebuf.o)
 .bss           0x000000000002b2ec        0x0 c:/intelfpga/18.0/nios2eds/bin/gnu/h-x86_64-mingw32/bin/../lib/gcc/nios2-elf/5.3.0/../../../../../H-x86_64-mingw32/nios2-elf/lib/mno-hw-mul\libc.a(lib_a-memset.o)
 .bss           0x000000000002b2ec        0x0 c:/intelfpga/18.0/nios2eds/bin/gnu/h-x86_64-mingw32/bin/../lib/gcc/nios2-elf/5.3.0/../../../../../H-x86_64-mingw32/nios2-elf/lib/mno-hw-mul\libc.a(lib_a-stdio.o)
 .bss           0x000000000002b2ec        0x0 c:/intelfpga/18.0/nios2eds/bin/gnu/h-x86_64-mingw32/bin/../lib/gcc/nios2-elf/5.3.0/../../../../../H-x86_64-mingw32/nios2-elf/lib/mno-hw-mul\libc.a(lib_a-writer.o)
 .bss           0x000000000002b2ec        0x0 c:/intelfpga/18.0/nios2eds/bin/gnu/h-x86_64-mingw32/bin/../lib/gcc/nios2-elf/5.3.0/../../../../../H-x86_64-mingw32/nios2-elf/lib/mno-hw-mul\libc.a(closer.o)
 .bss           0x000000000002b2ec        0x0 c:/intelfpga/18.0/nios2eds/bin/gnu/h-x86_64-mingw32/bin/../lib/gcc/nios2-elf/5.3.0/../../../../../H-x86_64-mingw32/nios2-elf/lib/mno-hw-mul\libc.a(lib_a-fclose.o)
 .bss           0x000000000002b2ec        0x0 c:/intelfpga/18.0/nios2eds/bin/gnu/h-x86_64-mingw32/bin/../lib/gcc/nios2-elf/5.3.0/../../../../../H-x86_64-mingw32/nios2-elf/lib/mno-hw-mul\libc.a(lib_a-fstatr.o)
 .bss           0x000000000002b2ec        0x0 c:/intelfpga/18.0/nios2eds/bin/gnu/h-x86_64-mingw32/bin/../lib/gcc/nios2-elf/5.3.0/../../../../../H-x86_64-mingw32/nios2-elf/lib/mno-hw-mul\libc.a(lib_a-isattyr.o)
 .bss           0x000000000002b2ec        0x0 c:/intelfpga/18.0/nios2eds/bin/gnu/h-x86_64-mingw32/bin/../lib/gcc/nios2-elf/5.3.0/../../../../../H-x86_64-mingw32/nios2-elf/lib/mno-hw-mul\libc.a(lib_a-lseekr.o)
 .bss           0x000000000002b2ec        0x0 c:/intelfpga/18.0/nios2eds/bin/gnu/h-x86_64-mingw32/bin/../lib/gcc/nios2-elf/5.3.0/../../../../../H-x86_64-mingw32/nios2-elf/lib/mno-hw-mul\libc.a(lib_a-readr.o)
 .bss           0x000000000002b2ec        0x0 c:/intelfpga/18.0/nios2eds/bin/gnu/h-x86_64-mingw32/bin/../lib/gcc/nios2-elf/5.3.0/mno-hw-mul\libgcc.a(_umoddi3.o)
 .bss           0x000000000002b2ec        0x0 c:/intelfpga/18.0/nios2eds/bin/gnu/h-x86_64-mingw32/bin/../lib/gcc/nios2-elf/5.3.0/mno-hw-mul\libgcc.a(_clz.o)
 .bss           0x000000000002b2ec        0x0 ../game-sw_bsp/\libhal_bsp.a(alt_exit.o)
 .bss           0x000000000002b2ec        0x0 ../game-sw_bsp/\libhal_bsp.a(alt_fstat.o)
 .bss           0x000000000002b2ec        0x0 ../game-sw_bsp/\libhal_bsp.a(alt_isatty.o)
 .bss           0x000000000002b2ec        0x0 ../game-sw_bsp/\libhal_bsp.a(alt_lseek.o)
 .bss           0x000000000002b2ec        0x0 ../game-sw_bsp/\libhal_bsp.a(alt_read.o)
 .bss           0x000000000002b2ec        0x0 ../game-sw_bsp/\libhal_bsp.a(alt_write.o)
 *(COMMON)
 COMMON         0x000000000002b2ec      0x100 ../game-sw_bsp/\libhal_bsp.a(alt_irq_handler.o)
                0x000000000002b2ec                alt_irq
                0x000000000002b3ec                . = ALIGN (0x4)
                0x000000000002b3ec                __bss_end = ABSOLUTE (.)

.onchip_ram     0x000000000002b3ec        0x0
                [!provide]                        PROVIDE (_alt_partition_onchip_ram_start, ABSOLUTE (.))
 *(.onchip_ram .onchip_ram. onchip_ram.*)
                0x000000000002b3ec                . = ALIGN (0x4)
                [!provide]                        PROVIDE (_alt_partition_onchip_ram_end, ABSOLUTE (.))
                0x000000000002b3ec                _end = ABSOLUTE (.)
                0x000000000002b3ec                end = ABSOLUTE (.)
                0x000000000002b3ec                __alt_stack_base = ABSOLUTE (.)
                [!provide]                        PROVIDE (_alt_partition_onchip_ram_load_addr, LOADADDR (.onchip_ram))

.stab
 *(.stab)

.stabstr
 *(.stabstr)

.stab.excl
 *(.stab.excl)

.stab.exclstr
 *(.stab.exclstr)

.stab.index
 *(.stab.index)

.stab.indexstr
 *(.stab.indexstr)

.comment        0x0000000000000000       0x23
 *(.comment)
 .comment       0x0000000000000000       0x23 obj/default/hello_world.o
                                         0x24 (size before relaxing)
 .comment       0x0000000000000023       0x24 obj/default/hw.o
 .comment       0x0000000000000023       0x24 c:/intelfpga/18.0/nios2eds/bin/gnu/h-x86_64-mingw32/bin/../lib/gcc/nios2-elf/5.3.0/mno-hw-mul\libgcc.a(lib2-divmod.o)
 .comment       0x0000000000000023       0x24 c:/intelfpga/18.0/nios2eds/bin/gnu/h-x86_64-mingw32/bin/../lib/gcc/nios2-elf/5.3.0/mno-hw-mul\libgcc.a(lib2-mul.o)
 .comment       0x0000000000000023       0x24 c:/intelfpga/18.0/nios2eds/bin/gnu/h-x86_64-mingw32/bin/../lib/gcc/nios2-elf/5.3.0/../../../../../H-x86_64-mingw32/nios2-elf/lib/mno-hw-mul\libc.a(lib_a-malloc.o)
 .comment       0x0000000000000023       0x24 c:/intelfpga/18.0/nios2eds/bin/gnu/h-x86_64-mingw32/bin/../lib/gcc/nios2-elf/5.3.0/../../../../../H-x86_64-mingw32/nios2-elf/lib/mno-hw-mul\libc.a(lib_a-mallocr.o)
 .comment       0x0000000000000023       0x24 c:/intelfpga/18.0/nios2eds/bin/gnu/h-x86_64-mingw32/bin/../lib/gcc/nios2-elf/5.3.0/../../../../../H-x86_64-mingw32/nios2-elf/lib/mno-hw-mul\libc.a(lib_a-memcpy.o)
 .comment       0x0000000000000023       0x24 c:/intelfpga/18.0/nios2eds/bin/gnu/h-x86_64-mingw32/bin/../lib/gcc/nios2-elf/5.3.0/../../../../../H-x86_64-mingw32/nios2-elf/lib/mno-hw-mul\libc.a(lib_a-rand.o)
 .comment       0x0000000000000023       0x24 c:/intelfpga/18.0/nios2eds/bin/gnu/h-x86_64-mingw32/bin/../lib/gcc/nios2-elf/5.3.0/../../../../../H-x86_64-mingw32/nios2-elf/lib/mno-hw-mul\libc.a(lib_a-sbrkr.o)
 .comment       0x0000000000000023       0x24 c:/intelfpga/18.0/nios2eds/bin/gnu/h-x86_64-mingw32/bin/../lib/gcc/nios2-elf/5.3.0/../../../../../H-x86_64-mingw32/nios2-elf/lib/mno-hw-mul\libc.a(lib_a-time.o)
 .comment       0x0000000000000023       0x24 c:/intelfpga/18.0/nios2eds/bin/gnu/h-x86_64-mingw32/bin/../lib/gcc/nios2-elf/5.3.0/../../../../../H-x86_64-mingw32/nios2-elf/lib/mno-hw-mul\libc.a(lib_a-freer.o)
 .comment       0x0000000000000023       0x24 c:/intelfpga/18.0/nios2eds/bin/gnu/h-x86_64-mingw32/bin/../lib/gcc/nios2-elf/5.3.0/../../../../../H-x86_64-mingw32/nios2-elf/lib/mno-hw-mul\libc.a(lib_a-gettimeofdayr.o)
 .comment       0x0000000000000023       0x24 c:/intelfpga/18.0/nios2eds/bin/gnu/h-x86_64-mingw32/bin/../lib/gcc/nios2-elf/5.3.0/../../../../../H-x86_64-mingw32/nios2-elf/lib/mno-hw-mul\libc.a(lib_a-impure.o)
 .comment       0x0000000000000023       0x24 c:/intelfpga/18.0/nios2eds/bin/gnu/h-x86_64-mingw32/bin/../lib/gcc/nios2-elf/5.3.0/../../../../../H-x86_64-mingw32/nios2-elf/lib/mno-hw-mul\libc.a(lib_a-int_errno.o)
 .comment       0x0000000000000023       0x24 c:/intelfpga/18.0/nios2eds/bin/gnu/h-x86_64-mingw32/bin/../lib/gcc/nios2-elf/5.3.0/mno-hw-mul\libgcc.a(_muldi3.o)
 .comment       0x0000000000000023       0x24 ../game-sw_bsp/\libhal_bsp.a(alt_gettod.o)
 .comment       0x0000000000000023       0x24 ../game-sw_bsp/\libhal_bsp.a(alt_iic.o)
 .comment       0x0000000000000023       0x24 ../game-sw_bsp/\libhal_bsp.a(alt_iic_isr_register.o)
 .comment       0x0000000000000023       0x24 ../game-sw_bsp/\libhal_bsp.a(alt_irq_handler.o)
 .comment       0x0000000000000023       0x24 ../game-sw_bsp/\libhal_bsp.a(alt_irq_vars.o)
 .comment       0x0000000000000023       0x24 ../game-sw_bsp/\libhal_bsp.a(alt_load.o)
 .comment       0x0000000000000023       0x24 ../game-sw_bsp/\libhal_bsp.a(alt_main.o)
 .comment       0x0000000000000023       0x24 ../game-sw_bsp/\libhal_bsp.a(alt_malloc_lock.o)
 .comment       0x0000000000000023       0x24 ../game-sw_bsp/\libhal_bsp.a(alt_putstr.o)
 .comment       0x0000000000000023       0x24 ../game-sw_bsp/\libhal_bsp.a(alt_sbrk.o)
 .comment       0x0000000000000023       0x24 ../game-sw_bsp/\libhal_bsp.a(alt_tick.o)
 .comment       0x0000000000000023       0x24 ../game-sw_bsp/\libhal_bsp.a(alt_sys_init.o)
 .comment       0x0000000000000023       0x24 ../game-sw_bsp/\libhal_bsp.a(altera_avalon_jtag_uart_fd.o)
 .comment       0x0000000000000023       0x24 ../game-sw_bsp/\libhal_bsp.a(altera_avalon_jtag_uart_init.o)
 .comment       0x0000000000000023       0x24 ../game-sw_bsp/\libhal_bsp.a(altera_avalon_jtag_uart_ioctl.o)
 .comment       0x0000000000000023       0x24 ../game-sw_bsp/\libhal_bsp.a(altera_avalon_jtag_uart_read.o)
 .comment       0x0000000000000023       0x24 ../game-sw_bsp/\libhal_bsp.a(altera_avalon_jtag_uart_write.o)
 .comment       0x0000000000000023       0x24 ../game-sw_bsp/\libhal_bsp.a(altera_avalon_timer_sc.o)
 .comment       0x0000000000000023       0x24 ../game-sw_bsp/\libhal_bsp.a(alt_alarm_start.o)
 .comment       0x0000000000000023       0x24 ../game-sw_bsp/\libhal_bsp.a(alt_close.o)
 .comment       0x0000000000000023       0x24 ../game-sw_bsp/\libhal_bsp.a(alt_dcache_flush_all.o)
 .comment       0x0000000000000023       0x24 ../game-sw_bsp/\libhal_bsp.a(alt_dev.o)
 .comment       0x0000000000000023       0x24 ../game-sw_bsp/\libhal_bsp.a(alt_dev_llist_insert.o)
 .comment       0x0000000000000023       0x24 ../game-sw_bsp/\libhal_bsp.a(alt_do_ctors.o)
 .comment       0x0000000000000023       0x24 ../game-sw_bsp/\libhal_bsp.a(alt_do_dtors.o)
 .comment       0x0000000000000023       0x24 ../game-sw_bsp/\libhal_bsp.a(alt_errno.o)
 .comment       0x0000000000000023       0x24 ../game-sw_bsp/\libhal_bsp.a(alt_icache_flush_all.o)
 .comment       0x0000000000000023       0x24 ../game-sw_bsp/\libhal_bsp.a(alt_instruction_exception_entry.o)
 .comment       0x0000000000000023       0x24 ../game-sw_bsp/\libhal_bsp.a(alt_io_redirect.o)
 .comment       0x0000000000000023       0x24 ../game-sw_bsp/\libhal_bsp.a(alt_open.o)
 .comment       0x0000000000000023       0x24 ../game-sw_bsp/\libhal_bsp.a(alt_release_fd.o)
 .comment       0x0000000000000023       0x24 ../game-sw_bsp/\libhal_bsp.a(altera_nios2_gen2_irq.o)
 .comment       0x0000000000000023       0x24 ../game-sw_bsp/\libhal_bsp.a(alt_find_dev.o)
 .comment       0x0000000000000023       0x24 ../game-sw_bsp/\libhal_bsp.a(alt_find_file.o)
 .comment       0x0000000000000023       0x24 ../game-sw_bsp/\libhal_bsp.a(alt_get_fd.o)
 .comment       0x0000000000000023       0x24 c:/intelfpga/18.0/nios2eds/bin/gnu/h-x86_64-mingw32/bin/../lib/gcc/nios2-elf/5.3.0/../../../../../H-x86_64-mingw32/nios2-elf/lib/mno-hw-mul\libc.a(lib_a-atexit.o)
 .comment       0x0000000000000023       0x24 c:/intelfpga/18.0/nios2eds/bin/gnu/h-x86_64-mingw32/bin/../lib/gcc/nios2-elf/5.3.0/../../../../../H-x86_64-mingw32/nios2-elf/lib/mno-hw-mul\libc.a(lib_a-exit.o)
 .comment       0x0000000000000023       0x24 c:/intelfpga/18.0/nios2eds/bin/gnu/h-x86_64-mingw32/bin/../lib/gcc/nios2-elf/5.3.0/../../../../../H-x86_64-mingw32/nios2-elf/lib/mno-hw-mul\libc.a(lib_a-fputs.o)
 .comment       0x0000000000000023       0x24 c:/intelfpga/18.0/nios2eds/bin/gnu/h-x86_64-mingw32/bin/../lib/gcc/nios2-elf/5.3.0/../../../../../H-x86_64-mingw32/nios2-elf/lib/mno-hw-mul\libc.a(lib_a-fvwrite.o)
 .comment       0x0000000000000023       0x24 c:/intelfpga/18.0/nios2eds/bin/gnu/h-x86_64-mingw32/bin/../lib/gcc/nios2-elf/5.3.0/../../../../../H-x86_64-mingw32/nios2-elf/lib/mno-hw-mul\libc.a(lib_a-memchr.o)
 .comment       0x0000000000000023       0x24 c:/intelfpga/18.0/nios2eds/bin/gnu/h-x86_64-mingw32/bin/../lib/gcc/nios2-elf/5.3.0/../../../../../H-x86_64-mingw32/nios2-elf/lib/mno-hw-mul\libc.a(lib_a-memcmp.o)
 .comment       0x0000000000000023       0x24 c:/intelfpga/18.0/nios2eds/bin/gnu/h-x86_64-mingw32/bin/../lib/gcc/nios2-elf/5.3.0/../../../../../H-x86_64-mingw32/nios2-elf/lib/mno-hw-mul\libc.a(lib_a-memmove.o)
 .comment       0x0000000000000023       0x24 c:/intelfpga/18.0/nios2eds/bin/gnu/h-x86_64-mingw32/bin/../lib/gcc/nios2-elf/5.3.0/../../../../../H-x86_64-mingw32/nios2-elf/lib/mno-hw-mul\libc.a(lib_a-reallocr.o)
 .comment       0x0000000000000023       0x24 c:/intelfpga/18.0/nios2eds/bin/gnu/h-x86_64-mingw32/bin/../lib/gcc/nios2-elf/5.3.0/../../../../../H-x86_64-mingw32/nios2-elf/lib/mno-hw-mul\libc.a(lib_a-strlen.o)
 .comment       0x0000000000000023       0x24 c:/intelfpga/18.0/nios2eds/bin/gnu/h-x86_64-mingw32/bin/../lib/gcc/nios2-elf/5.3.0/../../../../../H-x86_64-mingw32/nios2-elf/lib/mno-hw-mul\libc.a(lib_a-wsetup.o)
 .comment       0x0000000000000023       0x24 c:/intelfpga/18.0/nios2eds/bin/gnu/h-x86_64-mingw32/bin/../lib/gcc/nios2-elf/5.3.0/../../../../../H-x86_64-mingw32/nios2-elf/lib/mno-hw-mul\libc.a(lib_a-__atexit.o)
 .comment       0x0000000000000023       0x24 c:/intelfpga/18.0/nios2eds/bin/gnu/h-x86_64-mingw32/bin/../lib/gcc/nios2-elf/5.3.0/../../../../../H-x86_64-mingw32/nios2-elf/lib/mno-hw-mul\libc.a(lib_a-__call_atexit.o)
 .comment       0x0000000000000023       0x24 c:/intelfpga/18.0/nios2eds/bin/gnu/h-x86_64-mingw32/bin/../lib/gcc/nios2-elf/5.3.0/../../../../../H-x86_64-mingw32/nios2-elf/lib/mno-hw-mul\libc.a(lib_a-fflush.o)
 .comment       0x0000000000000023       0x24 c:/intelfpga/18.0/nios2eds/bin/gnu/h-x86_64-mingw32/bin/../lib/gcc/nios2-elf/5.3.0/../../../../../H-x86_64-mingw32/nios2-elf/lib/mno-hw-mul\libc.a(lib_a-findfp.o)
 .comment       0x0000000000000023       0x24 c:/intelfpga/18.0/nios2eds/bin/gnu/h-x86_64-mingw32/bin/../lib/gcc/nios2-elf/5.3.0/../../../../../H-x86_64-mingw32/nios2-elf/lib/mno-hw-mul\libc.a(lib_a-fwalk.o)
 .comment       0x0000000000000023       0x24 c:/intelfpga/18.0/nios2eds/bin/gnu/h-x86_64-mingw32/bin/../lib/gcc/nios2-elf/5.3.0/../../../../../H-x86_64-mingw32/nios2-elf/lib/mno-hw-mul\libc.a(lib_a-makebuf.o)
 .comment       0x0000000000000023       0x24 c:/intelfpga/18.0/nios2eds/bin/gnu/h-x86_64-mingw32/bin/../lib/gcc/nios2-elf/5.3.0/../../../../../H-x86_64-mingw32/nios2-elf/lib/mno-hw-mul\libc.a(lib_a-memset.o)
 .comment       0x0000000000000023       0x24 c:/intelfpga/18.0/nios2eds/bin/gnu/h-x86_64-mingw32/bin/../lib/gcc/nios2-elf/5.3.0/../../../../../H-x86_64-mingw32/nios2-elf/lib/mno-hw-mul\libc.a(lib_a-stdio.o)
 .comment       0x0000000000000023       0x24 c:/intelfpga/18.0/nios2eds/bin/gnu/h-x86_64-mingw32/bin/../lib/gcc/nios2-elf/5.3.0/../../../../../H-x86_64-mingw32/nios2-elf/lib/mno-hw-mul\libc.a(lib_a-writer.o)
 .comment       0x0000000000000023       0x24 c:/intelfpga/18.0/nios2eds/bin/gnu/h-x86_64-mingw32/bin/../lib/gcc/nios2-elf/5.3.0/../../../../../H-x86_64-mingw32/nios2-elf/lib/mno-hw-mul\libc.a(closer.o)
 .comment       0x0000000000000023       0x24 c:/intelfpga/18.0/nios2eds/bin/gnu/h-x86_64-mingw32/bin/../lib/gcc/nios2-elf/5.3.0/../../../../../H-x86_64-mingw32/nios2-elf/lib/mno-hw-mul\libc.a(lib_a-fclose.o)
 .comment       0x0000000000000023       0x24 c:/intelfpga/18.0/nios2eds/bin/gnu/h-x86_64-mingw32/bin/../lib/gcc/nios2-elf/5.3.0/../../../../../H-x86_64-mingw32/nios2-elf/lib/mno-hw-mul\libc.a(lib_a-fstatr.o)
 .comment       0x0000000000000023       0x24 c:/intelfpga/18.0/nios2eds/bin/gnu/h-x86_64-mingw32/bin/../lib/gcc/nios2-elf/5.3.0/../../../../../H-x86_64-mingw32/nios2-elf/lib/mno-hw-mul\libc.a(lib_a-isattyr.o)
 .comment       0x0000000000000023       0x24 c:/intelfpga/18.0/nios2eds/bin/gnu/h-x86_64-mingw32/bin/../lib/gcc/nios2-elf/5.3.0/../../../../../H-x86_64-mingw32/nios2-elf/lib/mno-hw-mul\libc.a(lib_a-lseekr.o)
 .comment       0x0000000000000023       0x24 c:/intelfpga/18.0/nios2eds/bin/gnu/h-x86_64-mingw32/bin/../lib/gcc/nios2-elf/5.3.0/../../../../../H-x86_64-mingw32/nios2-elf/lib/mno-hw-mul\libc.a(lib_a-readr.o)
 .comment       0x0000000000000023       0x24 c:/intelfpga/18.0/nios2eds/bin/gnu/h-x86_64-mingw32/bin/../lib/gcc/nios2-elf/5.3.0/mno-hw-mul\libgcc.a(_umoddi3.o)
 .comment       0x0000000000000023       0x24 c:/intelfpga/18.0/nios2eds/bin/gnu/h-x86_64-mingw32/bin/../lib/gcc/nios2-elf/5.3.0/mno-hw-mul\libgcc.a(_clz.o)
 .comment       0x0000000000000023       0x24 ../game-sw_bsp/\libhal_bsp.a(alt_exit.o)
 .comment       0x0000000000000023       0x24 ../game-sw_bsp/\libhal_bsp.a(alt_fstat.o)
 .comment       0x0000000000000023       0x24 ../game-sw_bsp/\libhal_bsp.a(alt_isatty.o)
 .comment       0x0000000000000023       0x24 ../game-sw_bsp/\libhal_bsp.a(alt_lseek.o)
 .comment       0x0000000000000023       0x24 ../game-sw_bsp/\libhal_bsp.a(alt_read.o)
 .comment       0x0000000000000023       0x24 ../game-sw_bsp/\libhal_bsp.a(alt_write.o)

.debug
 *(.debug)

.line
 *(.line)

.debug_srcinfo
 *(.debug_srcinfo)

.debug_sfnames
 *(.debug_sfnames)

.debug_aranges  0x0000000000000000      0xb78
 *(.debug_aranges)
 .debug_aranges
                0x0000000000000000       0x28 ../game-sw_bsp//obj/HAL/src/crt0.o
 .debug_aranges
                0x0000000000000028       0x20 obj/default/hello_world.o
 .debug_aranges
                0x0000000000000048       0x20 obj/default/hw.o
 .debug_aranges
                0x0000000000000068       0x20 c:/intelfpga/18.0/nios2eds/bin/gnu/h-x86_64-mingw32/bin/../lib/gcc/nios2-elf/5.3.0/mno-hw-mul\libgcc.a(lib2-divmod.o)
 .debug_aranges
                0x0000000000000088       0x20 c:/intelfpga/18.0/nios2eds/bin/gnu/h-x86_64-mingw32/bin/../lib/gcc/nios2-elf/5.3.0/mno-hw-mul\libgcc.a(lib2-mul.o)
 .debug_aranges
                0x00000000000000a8       0x28 c:/intelfpga/18.0/nios2eds/bin/gnu/h-x86_64-mingw32/bin/../lib/gcc/nios2-elf/5.3.0/../../../../../H-x86_64-mingw32/nios2-elf/lib/mno-hw-mul\libc.a(lib_a-malloc.o)
 .debug_aranges
                0x00000000000000d0       0x20 c:/intelfpga/18.0/nios2eds/bin/gnu/h-x86_64-mingw32/bin/../lib/gcc/nios2-elf/5.3.0/../../../../../H-x86_64-mingw32/nios2-elf/lib/mno-hw-mul\libc.a(lib_a-mallocr.o)
 .debug_aranges
                0x00000000000000f0       0x20 c:/intelfpga/18.0/nios2eds/bin/gnu/h-x86_64-mingw32/bin/../lib/gcc/nios2-elf/5.3.0/../../../../../H-x86_64-mingw32/nios2-elf/lib/mno-hw-mul\libc.a(lib_a-memcpy.o)
 .debug_aranges
                0x0000000000000110       0x28 c:/intelfpga/18.0/nios2eds/bin/gnu/h-x86_64-mingw32/bin/../lib/gcc/nios2-elf/5.3.0/../../../../../H-x86_64-mingw32/nios2-elf/lib/mno-hw-mul\libc.a(lib_a-rand.o)
 .debug_aranges
                0x0000000000000138       0x20 c:/intelfpga/18.0/nios2eds/bin/gnu/h-x86_64-mingw32/bin/../lib/gcc/nios2-elf/5.3.0/../../../../../H-x86_64-mingw32/nios2-elf/lib/mno-hw-mul\libc.a(lib_a-sbrkr.o)
 .debug_aranges
                0x0000000000000158       0x20 c:/intelfpga/18.0/nios2eds/bin/gnu/h-x86_64-mingw32/bin/../lib/gcc/nios2-elf/5.3.0/../../../../../H-x86_64-mingw32/nios2-elf/lib/mno-hw-mul\libc.a(lib_a-time.o)
 .debug_aranges
                0x0000000000000178       0x28 c:/intelfpga/18.0/nios2eds/bin/gnu/h-x86_64-mingw32/bin/../lib/gcc/nios2-elf/5.3.0/../../../../../H-x86_64-mingw32/nios2-elf/lib/mno-hw-mul\libc.a(lib_a-freer.o)
 .debug_aranges
                0x00000000000001a0       0x20 c:/intelfpga/18.0/nios2eds/bin/gnu/h-x86_64-mingw32/bin/../lib/gcc/nios2-elf/5.3.0/../../../../../H-x86_64-mingw32/nios2-elf/lib/mno-hw-mul\libc.a(lib_a-gettimeofdayr.o)
 .debug_aranges
                0x00000000000001c0       0x18 c:/intelfpga/18.0/nios2eds/bin/gnu/h-x86_64-mingw32/bin/../lib/gcc/nios2-elf/5.3.0/../../../../../H-x86_64-mingw32/nios2-elf/lib/mno-hw-mul\libc.a(lib_a-impure.o)
 .debug_aranges
                0x00000000000001d8       0x18 c:/intelfpga/18.0/nios2eds/bin/gnu/h-x86_64-mingw32/bin/../lib/gcc/nios2-elf/5.3.0/../../../../../H-x86_64-mingw32/nios2-elf/lib/mno-hw-mul\libc.a(lib_a-int_errno.o)
 .debug_aranges
                0x00000000000001f0       0x20 c:/intelfpga/18.0/nios2eds/bin/gnu/h-x86_64-mingw32/bin/../lib/gcc/nios2-elf/5.3.0/mno-hw-mul\libgcc.a(_muldi3.o)
 .debug_aranges
                0x0000000000000210       0x20 ../game-sw_bsp/\libhal_bsp.a(alt_gettod.o)
 .debug_aranges
                0x0000000000000230       0x20 ../game-sw_bsp/\libhal_bsp.a(alt_iic.o)
 .debug_aranges
                0x0000000000000250       0x20 ../game-sw_bsp/\libhal_bsp.a(alt_iic_isr_register.o)
 .debug_aranges
                0x0000000000000270       0x30 ../game-sw_bsp/\libhal_bsp.a(alt_irq_entry.o)
 .debug_aranges
                0x00000000000002a0       0x20 ../game-sw_bsp/\libhal_bsp.a(alt_irq_handler.o)
 .debug_aranges
                0x00000000000002c0       0x18 ../game-sw_bsp/\libhal_bsp.a(alt_irq_vars.o)
 .debug_aranges
                0x00000000000002d8       0x20 ../game-sw_bsp/\libhal_bsp.a(alt_load.o)
 .debug_aranges
                0x00000000000002f8       0x20 ../game-sw_bsp/\libhal_bsp.a(alt_main.o)
 .debug_aranges
                0x0000000000000318       0x20 ../game-sw_bsp/\libhal_bsp.a(alt_malloc_lock.o)
 .debug_aranges
                0x0000000000000338       0x20 ../game-sw_bsp/\libhal_bsp.a(alt_putstr.o)
 .debug_aranges
                0x0000000000000358       0x20 ../game-sw_bsp/\libhal_bsp.a(alt_sbrk.o)
 .debug_aranges
                0x0000000000000378       0x20 ../game-sw_bsp/\libhal_bsp.a(alt_tick.o)
 .debug_aranges
                0x0000000000000398       0x20 ../game-sw_bsp/\libhal_bsp.a(alt_sys_init.o)
 .debug_aranges
                0x00000000000003b8       0x20 ../game-sw_bsp/\libhal_bsp.a(altera_avalon_jtag_uart_fd.o)
 .debug_aranges
                0x00000000000003d8       0x20 ../game-sw_bsp/\libhal_bsp.a(altera_avalon_jtag_uart_init.o)
 .debug_aranges
                0x00000000000003f8       0x20 ../game-sw_bsp/\libhal_bsp.a(altera_avalon_jtag_uart_ioctl.o)
 .debug_aranges
                0x0000000000000418       0x20 ../game-sw_bsp/\libhal_bsp.a(altera_avalon_jtag_uart_read.o)
 .debug_aranges
                0x0000000000000438       0x20 ../game-sw_bsp/\libhal_bsp.a(altera_avalon_jtag_uart_write.o)
 .debug_aranges
                0x0000000000000458       0x20 ../game-sw_bsp/\libhal_bsp.a(altera_avalon_timer_sc.o)
 .debug_aranges
                0x0000000000000478       0x20 ../game-sw_bsp/\libhal_bsp.a(alt_alarm_start.o)
 .debug_aranges
                0x0000000000000498       0x20 ../game-sw_bsp/\libhal_bsp.a(alt_close.o)
 .debug_aranges
                0x00000000000004b8       0x20 ../game-sw_bsp/\libhal_bsp.a(alt_dcache_flush_all.o)
 .debug_aranges
                0x00000000000004d8       0x20 ../game-sw_bsp/\libhal_bsp.a(alt_dev.o)
 .debug_aranges
                0x00000000000004f8       0x20 ../game-sw_bsp/\libhal_bsp.a(alt_dev_llist_insert.o)
 .debug_aranges
                0x0000000000000518       0x20 ../game-sw_bsp/\libhal_bsp.a(alt_do_ctors.o)
 .debug_aranges
                0x0000000000000538       0x20 ../game-sw_bsp/\libhal_bsp.a(alt_do_dtors.o)
 .debug_aranges
                0x0000000000000558       0x18 ../game-sw_bsp/\libhal_bsp.a(alt_errno.o)
 .debug_aranges